******************************************************************************
                  TI ARM Linker Unix v16.9.1                   
******************************************************************************
>> Linked Thu May  4 11:50:43 2017

OUTPUT FILE NAME:   <timers.out>
ENTRY POINT SYMBOL: "_c_int00"  address: 00000c75


MEMORY CONFIGURATION

         name            origin    length      used     unused   attr    fill
----------------------  --------  ---------  --------  --------  ----  --------
  FLASH                 00000000   00100000  00001230  000fedd0  R  X
  SRAM                  20000000   00040000  00000134  0003fecc  RW X


SEGMENT ALLOCATION MAP

run origin  load origin   length   init length attrs members
----------  ----------- ---------- ----------- ----- -------
00000000    00000000    00001230   00001230    r-x
  00000000    00000000    00000200   00000200    r-- .intvecs
  00000200    00000200    00000d8c   00000d8c    r-x .text
  00000f8c    00000f8c    0000026c   0000026c    r-- .const
  000011f8    000011f8    00000038   00000038    r-- .cinit
20000000    20000000    00000134   00000000    rw-
  20000000    20000000    00000100   00000000    rw- .stack
  20000100    20000100    00000024   00000000    rw- .data
  20000124    20000124    00000010   00000000    rw- .bss


SECTION ALLOCATION MAP

 output                                  attributes/
section   page    origin      length       input sections
--------  ----  ----------  ----------   ----------------
.intvecs   0    00000000    00000200     
                  00000000    00000200     startup_ccs.obj (.intvecs)

.text      0    00000200    00000d8c     
                  00000200    000001ec     driverlib.lib : sysctl.obj (.text:SysCtlClockFreqSet)
                  000003ec    000001ea     uartstdio.obj (.text:UARTvprintf)
                  000005d6    00000002     startup_ccs.obj (.text:FaultISR)
                  000005d8    0000019c     timers.obj (.text:main)
                  00000774    00000110     driverlib.lib : sysctl.obj (.text:SysCtlClockGet)
                  00000884    000000bc     timers.obj (.text:Timer1IntHandler)
                  00000940    0000009c     rtsv7M4_T_le_v4SPD16_eabi.lib : memcpy_t2.obj (.text)
                  000009dc    00000088     timers.obj (.text:Timer0IntHandler)
                  00000a64    0000007a     rtsv7M4_T_le_v4SPD16_eabi.lib : memset_t2.obj (.text)
                  00000ade    00000002     startup_ccs.obj (.text:IntDefaultHandler)
                  00000ae0    00000070     rtsv7M4_T_le_v4SPD16_eabi.lib : autoinit.obj (.text)
                  00000b50    00000068                                   : copy_decompress_lzss.obj (.text:decompress:lzss)
                  00000bb8    00000060     uartstdio.obj (.text:UARTStdioConfig)
                  00000c18    0000005c     timers.obj (.text:ConfigureUART)
                  00000c74    00000054     rtsv7M4_T_le_v4SPD16_eabi.lib : boot.obj (.text)
                  00000cc8    00000054                                   : exit.obj (.text)
                  00000d1c    0000004c     linux_time.obj (.text:gettimeofday)
                  00000d68    0000004c     rtsv7M4_T_le_v4SPD16_eabi.lib : cpy_tbl.obj (.text)
                  00000db4    00000048     uartstdio.obj (.text:UARTwrite)
                  00000dfc    00000048     driverlib.lib : sysctl.obj (.text:_SysCtlFrequencyGet)
                  00000e44    00000040     rtsv7M4_T_le_v4SPD16_eabi.lib : u_divt2.obj (.text)
                  00000e84    00000020     driverlib.lib : sysctl.obj (.text:_SysCtlMemTimingGet)
                  00000ea4    0000001a     uartstdio.obj (.text:UARTprintf)
                  00000ebe    00000002     startup_ccs.obj (.text:NmiSR)
                  00000ec0    00000018     rtsv7M4_T_le_v4SPD16_eabi.lib : args_main.obj (.text)
                  00000ed8    00000014     driverlib.lib : systick.obj (.text:SysTickEnable)
                  00000eec    00000014                   : systick.obj (.text:SysTickIntEnable)
                  00000f00    00000014     rtsv7M4_T_le_v4SPD16_eabi.lib : _lock.obj (.text)
                  00000f14    00000010     driverlib.lib : interrupt.obj (.text:IntMasterEnable)
                  00000f24    00000010     linux_time.obj (.text:SysTickIntHandler)
                  00000f34    00000010     driverlib.lib : systick.obj (.text:SysTickPeriodSet)
                  00000f44    0000000e     rtsv7M4_T_le_v4SPD16_eabi.lib : copy_decompress_none.obj (.text:decompress:none)
                  00000f52    0000000c     driverlib.lib : cpu.obj (.text:CPUcpsie)
                  00000f5e    00000002     rtsv7M4_T_le_v4SPD16_eabi.lib : i_div0.obj (.text)
                  00000f60    0000000c     driverlib.lib : systick.obj (.text:SysTickValueGet)
                  00000f6c    0000000c     rtsv7M4_T_le_v4SPD16_eabi.lib : copy_zero_init.obj (.text:decompress:ZI)
                  00000f78    00000006     driverlib.lib : gpio.obj (.text:GPIOPinWrite)
                  00000f7e    00000006     startup_ccs.obj (.text:ResetISR)
                  00000f84    00000004     rtsv7M4_T_le_v4SPD16_eabi.lib : pre_init.obj (.text)
                  00000f88    00000002                                   : mpu_init.obj (.text)
                  00000f8a    00000002                                   : startup.obj (.text)

.const     0    00000f8c    0000026c     
                  00000f8c    000001b0     driverlib.lib : sysctl.obj (.const:g_pppui32XTALtoVCO)
                  0000113c    0000006c                   : sysctl.obj (.const:g_pui32Xtals)
                  000011a8    00000030                   : sysctl.obj (.const:g_sXTALtoMEMTIM)
                  000011d8    0000000c     uartstdio.obj (.const:g_ui32UARTBase)
                  000011e4    0000000c     uartstdio.obj (.const:g_ui32UARTPeriph)
                  000011f0    00000008     driverlib.lib : sysctl.obj (.const)

.cinit     0    000011f8    00000038     
                  000011f8    00000011     (.cinit..data.load) [load image, compression = lzss]
                  00001209    00000003     --HOLE-- [fill = 0]
                  0000120c    0000000c     (__TI_handler_table)
                  00001218    00000008     (.cinit..bss.load) [load image, compression = zero_init]
                  00001220    00000010     (__TI_cinit_table)

.init_array 
*          0    00000000    00000000     UNINITIALIZED

.data      0    20000100    00000024     UNINITIALIZED
                  20000100    0000000c     rtsv7M4_T_le_v4SPD16_eabi.lib : exit.obj (.data:$O1$$)
                  2000010c    00000008                                   : _lock.obj (.data:$O1$$)
                  20000114    00000005     uartstdio.obj (.data)
                  20000119    00000003     --HOLE--
                  2000011c    00000004     rtsv7M4_T_le_v4SPD16_eabi.lib : stkdepth_vars.obj (.data)
                  20000120    00000004     timers.obj (.data)

.bss       0    20000124    00000010     UNINITIALIZED
                  20000124    00000008     (.common:tv)
                  2000012c    00000004     (.common:g_ui32Flags)
                  20000130    00000004     (.common:g_ui32SysClock)

.stack     0    20000000    00000100     UNINITIALIZED
                  20000000    00000100     --HOLE--

MODULE SUMMARY

       Module                     code   ro data   rw data
       ------                     ----   -------   -------
    ./
       timers.obj                 828    0         20     
       startup_ccs.obj            12     512       0      
       linux_time.obj             92     0         0      
    +--+--------------------------+------+---------+---------+
       Total:                     932    512       20     
                                                          
    ./utils/
       uartstdio.obj              684    24        5      
    +--+--------------------------+------+---------+---------+
       Total:                     684    24        5      
                                                          
    /home/dang/ti/TivaWare_C_Series-2.1.3.156/driverlib/ccs/Debug/driverlib.lib
       sysctl.obj                 868    596       0      
       systick.obj                68     0         0      
       interrupt.obj              16     0         0      
       cpu.obj                    12     0         0      
       gpio.obj                   6      0         0      
    +--+--------------------------+------+---------+---------+
       Total:                     970    596       0      
                                                          
    /home/dang/ti/ccsv7/tools/compiler/ti-cgt-arm_16.9.1.LTS/lib/rtsv7M4_T_le_v4SPD16_eabi.lib
       memcpy_t2.obj              156    0         0      
       memset_t2.obj              122    0         0      
       autoinit.obj               112    0         0      
       copy_decompress_lzss.obj   104    0         0      
       exit.obj                   84     0         12     
       boot.obj                   84     0         0      
       cpy_tbl.obj                76     0         0      
       u_divt2.obj                64     0         0      
       _lock.obj                  20     0         8      
       args_main.obj              24     0         0      
       copy_decompress_none.obj   14     0         0      
       copy_zero_init.obj         12     0         0      
       pre_init.obj               4      0         0      
       stkdepth_vars.obj          0      0         4      
       i_div0.obj                 2      0         0      
       mpu_init.obj               2      0         0      
       startup.obj                2      0         0      
    +--+--------------------------+------+---------+---------+
       Total:                     882    0         24     
                                                          
       Stack:                     0      0         256    
       Linker Generated:          0      53        0      
    +--+--------------------------+------+---------+---------+
       Grand Total:               3468   1185      305    


LINKER GENERATED COPY TABLES

__TI_cinit_table @ 00001220 records: 2, size/record: 8, table size: 16
	.data: load addr=000011f8, load size=00000011 bytes, run addr=20000100, run size=00000024 bytes, compression=lzss
	.bss: load addr=00001218, load size=00000008 bytes, run addr=20000124, run size=00000010 bytes, compression=zero_init


LINKER GENERATED HANDLER TABLE

__TI_handler_table @ 0000120c records: 3, size/record: 4, table size: 12
	index: 0, handler: __TI_decompress_lzss
	index: 1, handler: __TI_decompress_none
	index: 2, handler: __TI_zero_init


GLOBAL SYMBOLS: SORTED ALPHABETICALLY BY Name 

address   name                           
-------   ----                           
00000cc9  C$$EXIT                        
00000f53  CPUcpsie                       
00000c19  ConfigureUART                  
00000f79  GPIOPinWrite                   
00000f15  IntMasterEnable                
00000f7f  ResetISR                       
UNDEFED   SHT$$INIT_ARRAY$$Base          
UNDEFED   SHT$$INIT_ARRAY$$Limit         
00000201  SysCtlClockFreqSet             
00000775  SysCtlClockGet                 
00000ed9  SysTickEnable                  
00000eed  SysTickIntEnable               
00000f25  SysTickIntHandler              
00000f35  SysTickPeriodSet               
00000f61  SysTickValueGet                
000009dd  Timer0IntHandler               
00000885  Timer1IntHandler               
00000bb9  UARTStdioConfig                
00000ea5  UARTprintf                     
000003ed  UARTvprintf                    
00000db5  UARTwrite                      
20000100  __STACK_END                    
00000100  __STACK_SIZE                   
20000100  __STACK_TOP                    
00001220  __TI_CINIT_Base                
00001230  __TI_CINIT_Limit               
0000120c  __TI_Handler_Table_Base        
00001218  __TI_Handler_Table_Limit       
00000ae1  __TI_auto_init                 
20000100  __TI_cleanup_ptr               
00000b51  __TI_decompress_lzss           
00000f45  __TI_decompress_none           
20000104  __TI_dtors_ptr                 
20000108  __TI_enable_exit_profile_output
ffffffff  __TI_pprof_out_hndl            
ffffffff  __TI_prof_data_size            
ffffffff  __TI_prof_data_start           
00000000  __TI_static_base__             
00000f6d  __TI_zero_init                 
00000f5f  __aeabi_idiv0                  
00000a65  __aeabi_memclr                 
00000a65  __aeabi_memclr4                
00000a65  __aeabi_memclr8                
00000941  __aeabi_memcpy                 
00000941  __aeabi_memcpy4                
00000941  __aeabi_memcpy8                
00000a67  __aeabi_memset                 
00000a67  __aeabi_memset4                
00000a67  __aeabi_memset8                
00000e45  __aeabi_uidiv                  
00000e45  __aeabi_uidivmod               
ffffffff  __binit__                      
ffffffff  __c_args__                     
00000f89  __mpu_init                     
20000000  __stack                        
00000ec1  _args_main                     
00000c75  _c_int00                       
2000010c  _lock                          
00000f0f  _nop                           
00000f07  _register_lock                 
00000f01  _register_unlock               
00000f8b  _system_post_cinit             
00000f85  _system_pre_init               
20000110  _unlock                        
00000ccd  abort                          
ffffffff  binit                          
00000d69  copy_in                        
00000cd5  exit                           
00000000  g_pfnVectors                   
2000012c  g_ui32Flags                    
20000130  g_ui32SysClock                 
20000120  g_ui32TickCounter              
00000d1d  gettimeofday                   
000005d9  main                           
2000011c  main_func_sp                   
00000941  memcpy                         
00000a6d  memset                         
20000124  tv                             


GLOBAL SYMBOLS: SORTED BY Symbol Address 

address   name                           
-------   ----                           
00000000  __TI_static_base__             
00000000  g_pfnVectors                   
00000100  __STACK_SIZE                   
00000201  SysCtlClockFreqSet             
000003ed  UARTvprintf                    
000005d9  main                           
00000775  SysCtlClockGet                 
00000885  Timer1IntHandler               
00000941  __aeabi_memcpy                 
00000941  __aeabi_memcpy4                
00000941  __aeabi_memcpy8                
00000941  memcpy                         
000009dd  Timer0IntHandler               
00000a65  __aeabi_memclr                 
00000a65  __aeabi_memclr4                
00000a65  __aeabi_memclr8                
00000a67  __aeabi_memset                 
00000a67  __aeabi_memset4                
00000a67  __aeabi_memset8                
00000a6d  memset                         
00000ae1  __TI_auto_init                 
00000b51  __TI_decompress_lzss           
00000bb9  UARTStdioConfig                
00000c19  ConfigureUART                  
00000c75  _c_int00                       
00000cc9  C$$EXIT                        
00000ccd  abort                          
00000cd5  exit                           
00000d1d  gettimeofday                   
00000d69  copy_in                        
00000db5  UARTwrite                      
00000e45  __aeabi_uidiv                  
00000e45  __aeabi_uidivmod               
00000ea5  UARTprintf                     
00000ec1  _args_main                     
00000ed9  SysTickEnable                  
00000eed  SysTickIntEnable               
00000f01  _register_unlock               
00000f07  _register_lock                 
00000f0f  _nop                           
00000f15  IntMasterEnable                
00000f25  SysTickIntHandler              
00000f35  SysTickPeriodSet               
00000f45  __TI_decompress_none           
00000f53  CPUcpsie                       
00000f5f  __aeabi_idiv0                  
00000f61  SysTickValueGet                
00000f6d  __TI_zero_init                 
00000f79  GPIOPinWrite                   
00000f7f  ResetISR                       
00000f85  _system_pre_init               
00000f89  __mpu_init                     
00000f8b  _system_post_cinit             
0000120c  __TI_Handler_Table_Base        
00001218  __TI_Handler_Table_Limit       
00001220  __TI_CINIT_Base                
00001230  __TI_CINIT_Limit               
20000000  __stack                        
20000100  __STACK_END                    
20000100  __STACK_TOP                    
20000100  __TI_cleanup_ptr               
20000104  __TI_dtors_ptr                 
20000108  __TI_enable_exit_profile_output
2000010c  _lock                          
20000110  _unlock                        
2000011c  main_func_sp                   
20000120  g_ui32TickCounter              
20000124  tv                             
2000012c  g_ui32Flags                    
20000130  g_ui32SysClock                 
ffffffff  __TI_pprof_out_hndl            
ffffffff  __TI_prof_data_size            
ffffffff  __TI_prof_data_start           
ffffffff  __binit__                      
ffffffff  __c_args__                     
ffffffff  binit                          
UNDEFED   SHT$$INIT_ARRAY$$Base          
UNDEFED   SHT$$INIT_ARRAY$$Limit         

[78 symbols]
