<?xml version="1.0"?>
<link_info>
   <banner>TI ARM Linker Unix v16.9.1.LTS</banner>
   <copyright>Copyright (c) 1996-2015 Texas Instruments Incorporated</copyright>
   <link_time>0x590af973</link_time>
   <link_errors>0x0</link_errors>
   <output_file>timers.out</output_file>
   <entry_point>
      <name>_c_int00</name>
      <address>0xc75</address>
   </entry_point>
   <input_file_list>
      <input_file id="fl-2">
         <path>./</path>
         <kind>object</kind>
         <file>linux_time.obj</file>
         <name>linux_time.obj</name>
      </input_file>
      <input_file id="fl-3">
         <path>./</path>
         <kind>object</kind>
         <file>startup_ccs.obj</file>
         <name>startup_ccs.obj</name>
      </input_file>
      <input_file id="fl-4">
         <path>./</path>
         <kind>object</kind>
         <file>timers.obj</file>
         <name>timers.obj</name>
      </input_file>
      <input_file id="fl-5">
         <path>./utils/</path>
         <kind>object</kind>
         <file>uartstdio.obj</file>
         <name>uartstdio.obj</name>
      </input_file>
      <input_file id="fl-c0">
         <path>/home/dang/ti/ccsv7/tools/compiler/ti-cgt-arm_16.9.1.LTS/lib/</path>
         <kind>archive</kind>
         <file>rtsv7M4_T_le_v4SPD16_eabi.lib</file>
         <name>boot.obj</name>
      </input_file>
      <input_file id="fl-c1">
         <path>/home/dang/ti/ccsv7/tools/compiler/ti-cgt-arm_16.9.1.LTS/lib/</path>
         <kind>archive</kind>
         <file>rtsv7M4_T_le_v4SPD16_eabi.lib</file>
         <name>copy_decompress_lzss.obj</name>
      </input_file>
      <input_file id="fl-c2">
         <path>/home/dang/ti/ccsv7/tools/compiler/ti-cgt-arm_16.9.1.LTS/lib/</path>
         <kind>archive</kind>
         <file>rtsv7M4_T_le_v4SPD16_eabi.lib</file>
         <name>copy_decompress_none.obj</name>
      </input_file>
      <input_file id="fl-c3">
         <path>/home/dang/ti/ccsv7/tools/compiler/ti-cgt-arm_16.9.1.LTS/lib/</path>
         <kind>archive</kind>
         <file>rtsv7M4_T_le_v4SPD16_eabi.lib</file>
         <name>copy_zero_init.obj</name>
      </input_file>
      <input_file id="fl-c4">
         <path>/home/dang/ti/ccsv7/tools/compiler/ti-cgt-arm_16.9.1.LTS/lib/</path>
         <kind>archive</kind>
         <file>rtsv7M4_T_le_v4SPD16_eabi.lib</file>
         <name>exit.obj</name>
      </input_file>
      <input_file id="fl-c5">
         <path>/home/dang/ti/ccsv7/tools/compiler/ti-cgt-arm_16.9.1.LTS/lib/</path>
         <kind>archive</kind>
         <file>rtsv7M4_T_le_v4SPD16_eabi.lib</file>
         <name>memcpy_t2.obj</name>
      </input_file>
      <input_file id="fl-c6">
         <path>/home/dang/ti/ccsv7/tools/compiler/ti-cgt-arm_16.9.1.LTS/lib/</path>
         <kind>archive</kind>
         <file>rtsv7M4_T_le_v4SPD16_eabi.lib</file>
         <name>memset_t2.obj</name>
      </input_file>
      <input_file id="fl-c7">
         <path>/home/dang/ti/ccsv7/tools/compiler/ti-cgt-arm_16.9.1.LTS/lib/</path>
         <kind>archive</kind>
         <file>rtsv7M4_T_le_v4SPD16_eabi.lib</file>
         <name>mpu_init.obj</name>
      </input_file>
      <input_file id="fl-c8">
         <path>/home/dang/ti/ccsv7/tools/compiler/ti-cgt-arm_16.9.1.LTS/lib/</path>
         <kind>archive</kind>
         <file>rtsv7M4_T_le_v4SPD16_eabi.lib</file>
         <name>pre_init.obj</name>
      </input_file>
      <input_file id="fl-c9">
         <path>/home/dang/ti/ccsv7/tools/compiler/ti-cgt-arm_16.9.1.LTS/lib/</path>
         <kind>archive</kind>
         <file>rtsv7M4_T_le_v4SPD16_eabi.lib</file>
         <name>stkdepth_vars.obj</name>
      </input_file>
      <input_file id="fl-ca">
         <path>/home/dang/ti/ccsv7/tools/compiler/ti-cgt-arm_16.9.1.LTS/lib/</path>
         <kind>archive</kind>
         <file>rtsv7M4_T_le_v4SPD16_eabi.lib</file>
         <name>u_divt2.obj</name>
      </input_file>
      <input_file id="fl-cb">
         <path>/home/dang/ti/ccsv7/tools/compiler/ti-cgt-arm_16.9.1.LTS/lib/</path>
         <kind>archive</kind>
         <file>rtsv7M4_T_le_v4SPD16_eabi.lib</file>
         <name>_lock.obj</name>
      </input_file>
      <input_file id="fl-cc">
         <path>/home/dang/ti/ccsv7/tools/compiler/ti-cgt-arm_16.9.1.LTS/lib/</path>
         <kind>archive</kind>
         <file>rtsv7M4_T_le_v4SPD16_eabi.lib</file>
         <name>args_main.obj</name>
      </input_file>
      <input_file id="fl-cd">
         <path>/home/dang/ti/ccsv7/tools/compiler/ti-cgt-arm_16.9.1.LTS/lib/</path>
         <kind>archive</kind>
         <file>rtsv7M4_T_le_v4SPD16_eabi.lib</file>
         <name>autoinit.obj</name>
      </input_file>
      <input_file id="fl-ce">
         <path>/home/dang/ti/ccsv7/tools/compiler/ti-cgt-arm_16.9.1.LTS/lib/</path>
         <kind>archive</kind>
         <file>rtsv7M4_T_le_v4SPD16_eabi.lib</file>
         <name>cpy_tbl.obj</name>
      </input_file>
      <input_file id="fl-cf">
         <path>/home/dang/ti/ccsv7/tools/compiler/ti-cgt-arm_16.9.1.LTS/lib/</path>
         <kind>archive</kind>
         <file>rtsv7M4_T_le_v4SPD16_eabi.lib</file>
         <name>i_div0.obj</name>
      </input_file>
      <input_file id="fl-d0">
         <path>/home/dang/ti/ccsv7/tools/compiler/ti-cgt-arm_16.9.1.LTS/lib/</path>
         <kind>archive</kind>
         <file>rtsv7M4_T_le_v4SPD16_eabi.lib</file>
         <name>startup.obj</name>
      </input_file>
      <input_file id="fl-d1">
         <path>/home/dang/ti/TivaWare_C_Series-2.1.3.156/driverlib/ccs/Debug/</path>
         <kind>archive</kind>
         <file>driverlib.lib</file>
         <name>gpio.obj</name>
      </input_file>
      <input_file id="fl-d2">
         <path>/home/dang/ti/TivaWare_C_Series-2.1.3.156/driverlib/ccs/Debug/</path>
         <kind>archive</kind>
         <file>driverlib.lib</file>
         <name>interrupt.obj</name>
      </input_file>
      <input_file id="fl-d3">
         <path>/home/dang/ti/TivaWare_C_Series-2.1.3.156/driverlib/ccs/Debug/</path>
         <kind>archive</kind>
         <file>driverlib.lib</file>
         <name>sysctl.obj</name>
      </input_file>
      <input_file id="fl-d4">
         <path>/home/dang/ti/TivaWare_C_Series-2.1.3.156/driverlib/ccs/Debug/</path>
         <kind>archive</kind>
         <file>driverlib.lib</file>
         <name>systick.obj</name>
      </input_file>
      <input_file id="fl-d5">
         <path>/home/dang/ti/TivaWare_C_Series-2.1.3.156/driverlib/ccs/Debug/</path>
         <kind>archive</kind>
         <file>driverlib.lib</file>
         <name>cpu.obj</name>
      </input_file>
   </input_file_list>
   <object_component_list>
      <object_component id="oc-f">
         <name>.intvecs</name>
         <load_address>0x0</load_address>
         <run_address>0x0</run_address>
         <size>0x200</size>
         <input_file_ref idref="fl-3"/>
      </object_component>
      <object_component id="oc-134">
         <name>.text:SysCtlClockFreqSet</name>
         <load_address>0x200</load_address>
         <run_address>0x200</run_address>
         <size>0x1ec</size>
         <input_file_ref idref="fl-d3"/>
      </object_component>
      <object_component id="oc-106">
         <name>.text:UARTvprintf</name>
         <load_address>0x3ec</load_address>
         <run_address>0x3ec</run_address>
         <size>0x1ea</size>
         <input_file_ref idref="fl-5"/>
      </object_component>
      <object_component id="oc-37">
         <name>.text:FaultISR</name>
         <load_address>0x5d6</load_address>
         <run_address>0x5d6</run_address>
         <size>0x2</size>
         <input_file_ref idref="fl-3"/>
      </object_component>
      <object_component id="oc-ef">
         <name>.text:main</name>
         <load_address>0x5d8</load_address>
         <run_address>0x5d8</run_address>
         <size>0x19c</size>
         <input_file_ref idref="fl-4"/>
      </object_component>
      <object_component id="oc-146">
         <name>.text:SysCtlClockGet</name>
         <load_address>0x774</load_address>
         <run_address>0x774</run_address>
         <size>0x110</size>
         <input_file_ref idref="fl-d3"/>
      </object_component>
      <object_component id="oc-4f">
         <name>.text:Timer1IntHandler</name>
         <load_address>0x884</load_address>
         <run_address>0x884</run_address>
         <size>0xbc</size>
         <input_file_ref idref="fl-4"/>
      </object_component>
      <object_component id="oc-63">
         <name>.text</name>
         <load_address>0x940</load_address>
         <run_address>0x940</run_address>
         <size>0x9c</size>
         <input_file_ref idref="fl-c5"/>
      </object_component>
      <object_component id="oc-49">
         <name>.text:Timer0IntHandler</name>
         <load_address>0x9dc</load_address>
         <run_address>0x9dc</run_address>
         <size>0x88</size>
         <input_file_ref idref="fl-4"/>
      </object_component>
      <object_component id="oc-6f">
         <name>.text</name>
         <load_address>0xa64</load_address>
         <run_address>0xa64</run_address>
         <size>0x7a</size>
         <input_file_ref idref="fl-c6"/>
      </object_component>
      <object_component id="oc-3d">
         <name>.text:IntDefaultHandler</name>
         <load_address>0xade</load_address>
         <run_address>0xade</run_address>
         <size>0x2</size>
         <input_file_ref idref="fl-3"/>
      </object_component>
      <object_component id="oc-87">
         <name>.text</name>
         <load_address>0xae0</load_address>
         <run_address>0xae0</run_address>
         <size>0x70</size>
         <input_file_ref idref="fl-cd"/>
      </object_component>
      <object_component id="oc-12">
         <name>.text:decompress:lzss</name>
         <load_address>0xb50</load_address>
         <run_address>0xb50</run_address>
         <size>0x68</size>
         <input_file_ref idref="fl-c1"/>
      </object_component>
      <object_component id="oc-1aa">
         <name>.text:UARTStdioConfig</name>
         <load_address>0xbb8</load_address>
         <run_address>0xbb8</run_address>
         <size>0x60</size>
         <input_file_ref idref="fl-5"/>
      </object_component>
      <object_component id="oc-13a">
         <name>.text:ConfigureUART</name>
         <load_address>0xc18</load_address>
         <run_address>0xc18</run_address>
         <size>0x5c</size>
         <input_file_ref idref="fl-4"/>
      </object_component>
      <object_component id="oc-24">
         <name>.text</name>
         <load_address>0xc74</load_address>
         <run_address>0xc74</run_address>
         <size>0x54</size>
         <input_file_ref idref="fl-c0"/>
      </object_component>
      <object_component id="oc-93">
         <name>.text</name>
         <load_address>0xcc8</load_address>
         <run_address>0xcc8</run_address>
         <size>0x54</size>
         <input_file_ref idref="fl-c4"/>
      </object_component>
      <object_component id="oc-ba">
         <name>.text:gettimeofday</name>
         <load_address>0xd1c</load_address>
         <run_address>0xd1c</run_address>
         <size>0x4c</size>
         <input_file_ref idref="fl-2"/>
      </object_component>
      <object_component id="oc-e1">
         <name>.text</name>
         <load_address>0xd68</load_address>
         <run_address>0xd68</run_address>
         <size>0x4c</size>
         <input_file_ref idref="fl-ce"/>
      </object_component>
      <object_component id="oc-176">
         <name>.text:UARTwrite</name>
         <load_address>0xdb4</load_address>
         <run_address>0xdb4</run_address>
         <size>0x48</size>
         <input_file_ref idref="fl-5"/>
      </object_component>
      <object_component id="oc-199">
         <name>.text:_SysCtlFrequencyGet</name>
         <load_address>0xdfc</load_address>
         <run_address>0xdfc</run_address>
         <size>0x48</size>
         <input_file_ref idref="fl-d3"/>
      </object_component>
      <object_component id="oc-17c">
         <name>.text</name>
         <load_address>0xe44</load_address>
         <run_address>0xe44</run_address>
         <size>0x40</size>
         <input_file_ref idref="fl-ca"/>
      </object_component>
      <object_component id="oc-193">
         <name>.text:_SysCtlMemTimingGet</name>
         <load_address>0xe84</load_address>
         <run_address>0xe84</run_address>
         <size>0x20</size>
         <input_file_ref idref="fl-d3"/>
      </object_component>
      <object_component id="oc-ab">
         <name>.text:UARTprintf</name>
         <load_address>0xea4</load_address>
         <run_address>0xea4</run_address>
         <size>0x1a</size>
         <input_file_ref idref="fl-5"/>
      </object_component>
      <object_component id="oc-31">
         <name>.text:NmiSR</name>
         <load_address>0xebe</load_address>
         <run_address>0xebe</run_address>
         <size>0x2</size>
         <input_file_ref idref="fl-3"/>
      </object_component>
      <object_component id="oc-8d">
         <name>.text</name>
         <load_address>0xec0</load_address>
         <run_address>0xec0</run_address>
         <size>0x18</size>
         <input_file_ref idref="fl-cc"/>
      </object_component>
      <object_component id="oc-158">
         <name>.text:SysTickEnable</name>
         <load_address>0xed8</load_address>
         <run_address>0xed8</run_address>
         <size>0x14</size>
         <input_file_ref idref="fl-d4"/>
      </object_component>
      <object_component id="oc-152">
         <name>.text:SysTickIntEnable</name>
         <load_address>0xeec</load_address>
         <run_address>0xeec</run_address>
         <size>0x14</size>
         <input_file_ref idref="fl-d4"/>
      </object_component>
      <object_component id="oc-168">
         <name>.text</name>
         <load_address>0xf00</load_address>
         <run_address>0xf00</run_address>
         <size>0x14</size>
         <input_file_ref idref="fl-cb"/>
      </object_component>
      <object_component id="oc-14c">
         <name>.text:IntMasterEnable</name>
         <load_address>0xf14</load_address>
         <run_address>0xf14</run_address>
         <size>0x10</size>
         <input_file_ref idref="fl-d2"/>
      </object_component>
      <object_component id="oc-43">
         <name>.text:SysTickIntHandler</name>
         <load_address>0xf24</load_address>
         <run_address>0xf24</run_address>
         <size>0x10</size>
         <input_file_ref idref="fl-2"/>
      </object_component>
      <object_component id="oc-140">
         <name>.text:SysTickPeriodSet</name>
         <load_address>0xf34</load_address>
         <run_address>0xf34</run_address>
         <size>0x10</size>
         <input_file_ref idref="fl-d4"/>
      </object_component>
      <object_component id="oc-18">
         <name>.text:decompress:none</name>
         <load_address>0xf44</load_address>
         <run_address>0xf44</run_address>
         <size>0xe</size>
         <input_file_ref idref="fl-c2"/>
      </object_component>
      <object_component id="oc-1b4">
         <name>.text:CPUcpsie</name>
         <load_address>0xf52</load_address>
         <run_address>0xf52</run_address>
         <size>0xc</size>
         <input_file_ref idref="fl-d5"/>
      </object_component>
      <object_component id="oc-1c7">
         <name>.text</name>
         <load_address>0xf5e</load_address>
         <run_address>0xf5e</run_address>
         <size>0x2</size>
         <input_file_ref idref="fl-cf"/>
      </object_component>
      <object_component id="oc-11a">
         <name>.text:SysTickValueGet</name>
         <load_address>0xf60</load_address>
         <run_address>0xf60</run_address>
         <size>0xc</size>
         <input_file_ref idref="fl-d4"/>
      </object_component>
      <object_component id="oc-1e">
         <name>.text:decompress:ZI</name>
         <load_address>0xf6c</load_address>
         <run_address>0xf6c</run_address>
         <size>0xc</size>
         <input_file_ref idref="fl-c3"/>
      </object_component>
      <object_component id="oc-a5">
         <name>.text:GPIOPinWrite</name>
         <load_address>0xf78</load_address>
         <run_address>0xf78</run_address>
         <size>0x6</size>
         <input_file_ref idref="fl-d1"/>
      </object_component>
      <object_component id="oc-2b">
         <name>.text:ResetISR</name>
         <load_address>0xf7e</load_address>
         <run_address>0xf7e</run_address>
         <size>0x6</size>
         <input_file_ref idref="fl-3"/>
      </object_component>
      <object_component id="oc-81">
         <name>.text</name>
         <load_address>0xf84</load_address>
         <run_address>0xf84</run_address>
         <size>0x4</size>
         <input_file_ref idref="fl-c8"/>
      </object_component>
      <object_component id="oc-7b">
         <name>.text</name>
         <load_address>0xf88</load_address>
         <run_address>0xf88</run_address>
         <size>0x2</size>
         <input_file_ref idref="fl-c7"/>
      </object_component>
      <object_component id="oc-e7">
         <name>.text</name>
         <load_address>0xf8a</load_address>
         <run_address>0xf8a</run_address>
         <size>0x2</size>
         <input_file_ref idref="fl-d0"/>
      </object_component>
      <object_component id="oc-1a2">
         <name>.const:g_pppui32XTALtoVCO</name>
         <load_address>0xf8c</load_address>
         <run_address>0xf8c</run_address>
         <size>0x1b0</size>
         <input_file_ref idref="fl-d3"/>
      </object_component>
      <object_component id="oc-19f">
         <name>.const:g_pui32Xtals</name>
         <load_address>0x113c</load_address>
         <run_address>0x113c</run_address>
         <size>0x6c</size>
         <input_file_ref idref="fl-d3"/>
      </object_component>
      <object_component id="oc-1ce">
         <name>.const:g_sXTALtoMEMTIM</name>
         <load_address>0x11a8</load_address>
         <run_address>0x11a8</run_address>
         <size>0x30</size>
         <input_file_ref idref="fl-d3"/>
      </object_component>
      <object_component id="oc-1e3">
         <name>.const:g_ui32UARTBase</name>
         <load_address>0x11d8</load_address>
         <run_address>0x11d8</run_address>
         <size>0xc</size>
         <input_file_ref idref="fl-5"/>
      </object_component>
      <object_component id="oc-1e0">
         <name>.const:g_ui32UARTPeriph</name>
         <load_address>0x11e4</load_address>
         <run_address>0x11e4</run_address>
         <size>0xc</size>
         <input_file_ref idref="fl-5"/>
      </object_component>
      <object_component id="oc-1a5">
         <name>.const</name>
         <load_address>0x11f0</load_address>
         <run_address>0x11f0</run_address>
         <size>0x8</size>
         <input_file_ref idref="fl-d3"/>
      </object_component>
      <object_component id="oc-216">
         <name>.cinit..data.load</name>
         <load_address>0x11f8</load_address>
         <run_address>0x11f8</run_address>
         <size>0x11</size>
      </object_component>
      <object_component id="oc-214">
         <name>__TI_handler_table</name>
         <load_address>0x120c</load_address>
         <run_address>0x120c</run_address>
         <size>0xc</size>
      </object_component>
      <object_component id="oc-217">
         <name>.cinit..bss.load</name>
         <load_address>0x1218</load_address>
         <run_address>0x1218</run_address>
         <size>0x8</size>
      </object_component>
      <object_component id="oc-215">
         <name>__TI_cinit_table</name>
         <load_address>0x1220</load_address>
         <run_address>0x1220</run_address>
         <size>0x10</size>
      </object_component>
      <object_component id="oc-a1">
         <name>.data</name>
         <load_address>0x20000120</load_address>
         <run_address>0x20000120</run_address>
         <size>0x4</size>
         <input_file_ref idref="fl-4"/>
      </object_component>
      <object_component id="oc-1c0">
         <name>.data</name>
         <load_address>0x20000114</load_address>
         <run_address>0x20000114</run_address>
         <size>0x5</size>
         <input_file_ref idref="fl-5"/>
      </object_component>
      <object_component id="oc-f7">
         <name>.data:$O1$$</name>
         <load_address>0x20000100</load_address>
         <run_address>0x20000100</run_address>
         <size>0xc</size>
         <input_file_ref idref="fl-c4"/>
      </object_component>
      <object_component id="oc-99">
         <name>.data</name>
         <load_address>0x2000011c</load_address>
         <run_address>0x2000011c</run_address>
         <size>0x4</size>
         <input_file_ref idref="fl-c9"/>
      </object_component>
      <object_component id="oc-fa">
         <name>.data:$O1$$</name>
         <load_address>0x2000010c</load_address>
         <run_address>0x2000010c</run_address>
         <size>0x8</size>
         <input_file_ref idref="fl-cb"/>
      </object_component>
      <object_component id="oc-120">
         <name>.common:g_ui32SysClock</name>
         <uninitialized>true</uninitialized>
         <run_address>0x20000130</run_address>
         <size>0x4</size>
      </object_component>
      <object_component id="oc-b1">
         <name>.common:g_ui32Flags</name>
         <uninitialized>true</uninitialized>
         <run_address>0x2000012c</run_address>
         <size>0x4</size>
      </object_component>
      <object_component id="oc-c0">
         <name>.common:tv</name>
         <uninitialized>true</uninitialized>
         <run_address>0x20000124</run_address>
         <size>0x8</size>
      </object_component>
      <object_component id="oc-2a">
         <name>.stack</name>
         <uninitialized>true</uninitialized>
         <run_address>0x20000000</run_address>
         <size>0x0</size>
         <input_file_ref idref="fl-c0"/>
      </object_component>
      <object_component id="oc-218">
         <name>.stack</name>
         <uninitialized>true</uninitialized>
         <run_address>0x20000000</run_address>
         <size>0x0</size>
      </object_component>
      <object_component id="oc-122">
         <name>.debug_info</name>
         <load_address>0x0</load_address>
         <run_address>0x0</run_address>
         <size>0x13d</size>
         <input_file_ref idref="fl-2"/>
      </object_component>
      <object_component id="oc-bb">
         <name>.debug_info</name>
         <load_address>0x13d</load_address>
         <run_address>0x13d</run_address>
         <size>0x17d</size>
         <input_file_ref idref="fl-2"/>
      </object_component>
      <object_component id="oc-44">
         <name>.debug_info</name>
         <load_address>0x2ba</load_address>
         <run_address>0x2ba</run_address>
         <size>0x115</size>
         <input_file_ref idref="fl-2"/>
      </object_component>
      <object_component id="oc-5e">
         <name>.debug_info</name>
         <load_address>0x3cf</load_address>
         <run_address>0x3cf</run_address>
         <size>0x84</size>
         <input_file_ref idref="fl-2"/>
      </object_component>
      <object_component id="oc-c4">
         <name>.debug_info</name>
         <load_address>0x453</load_address>
         <run_address>0x453</run_address>
         <size>0x18b</size>
         <input_file_ref idref="fl-2"/>
      </object_component>
      <object_component id="oc-115">
         <name>.debug_info</name>
         <load_address>0x5de</load_address>
         <run_address>0x5de</run_address>
         <size>0x62</size>
         <input_file_ref idref="fl-2"/>
      </object_component>
      <object_component id="oc-57">
         <name>.debug_info</name>
         <load_address>0x640</load_address>
         <run_address>0x640</run_address>
         <size>0x165</size>
         <input_file_ref idref="fl-3"/>
      </object_component>
      <object_component id="oc-10">
         <name>.debug_info</name>
         <load_address>0x7a5</load_address>
         <run_address>0x7a5</run_address>
         <size>0xd6</size>
         <input_file_ref idref="fl-3"/>
      </object_component>
      <object_component id="oc-2c">
         <name>.debug_info</name>
         <load_address>0x87b</load_address>
         <run_address>0x87b</run_address>
         <size>0x106</size>
         <input_file_ref idref="fl-3"/>
      </object_component>
      <object_component id="oc-32">
         <name>.debug_info</name>
         <load_address>0x981</load_address>
         <run_address>0x981</run_address>
         <size>0xf4</size>
         <input_file_ref idref="fl-3"/>
      </object_component>
      <object_component id="oc-3e">
         <name>.debug_info</name>
         <load_address>0xa75</load_address>
         <run_address>0xa75</run_address>
         <size>0x10f</size>
         <input_file_ref idref="fl-3"/>
      </object_component>
      <object_component id="oc-38">
         <name>.debug_info</name>
         <load_address>0xb84</load_address>
         <run_address>0xb84</run_address>
         <size>0xfb</size>
         <input_file_ref idref="fl-3"/>
      </object_component>
      <object_component id="oc-b2">
         <name>.debug_info</name>
         <load_address>0xc7f</load_address>
         <run_address>0xc7f</run_address>
         <size>0x304</size>
         <input_file_ref idref="fl-4"/>
      </object_component>
      <object_component id="oc-a2">
         <name>.debug_info</name>
         <load_address>0xf83</load_address>
         <run_address>0xf83</run_address>
         <size>0xdb</size>
         <input_file_ref idref="fl-4"/>
      </object_component>
      <object_component id="oc-13b">
         <name>.debug_info</name>
         <load_address>0x105e</load_address>
         <run_address>0x105e</run_address>
         <size>0x13a</size>
         <input_file_ref idref="fl-4"/>
      </object_component>
      <object_component id="oc-f0">
         <name>.debug_info</name>
         <load_address>0x1198</load_address>
         <run_address>0x1198</run_address>
         <size>0x246</size>
         <input_file_ref idref="fl-4"/>
      </object_component>
      <object_component id="oc-50">
         <name>.debug_info</name>
         <load_address>0x13de</load_address>
         <run_address>0x13de</run_address>
         <size>0x186</size>
         <input_file_ref idref="fl-4"/>
      </object_component>
      <object_component id="oc-4a">
         <name>.debug_info</name>
         <load_address>0x1564</load_address>
         <run_address>0x1564</run_address>
         <size>0x162</size>
         <input_file_ref idref="fl-4"/>
      </object_component>
      <object_component id="oc-b5">
         <name>.debug_info</name>
         <load_address>0x16c6</load_address>
         <run_address>0x16c6</run_address>
         <size>0x8b</size>
         <input_file_ref idref="fl-4"/>
      </object_component>
      <object_component id="oc-10e">
         <name>.debug_info</name>
         <load_address>0x1751</load_address>
         <run_address>0x1751</run_address>
         <size>0x4e</size>
         <input_file_ref idref="fl-4"/>
      </object_component>
      <object_component id="oc-10d">
         <name>.debug_info</name>
         <load_address>0x179f</load_address>
         <run_address>0x179f</run_address>
         <size>0x115</size>
         <input_file_ref idref="fl-5"/>
      </object_component>
      <object_component id="oc-1c1">
         <name>.debug_info</name>
         <load_address>0x18b4</load_address>
         <run_address>0x18b4</run_address>
         <size>0xfc</size>
         <input_file_ref idref="fl-5"/>
      </object_component>
      <object_component id="oc-1e4">
         <name>.debug_info</name>
         <load_address>0x19b0</load_address>
         <run_address>0x19b0</run_address>
         <size>0x104</size>
         <input_file_ref idref="fl-5"/>
      </object_component>
      <object_component id="oc-1e1">
         <name>.debug_info</name>
         <load_address>0x1ab4</load_address>
         <run_address>0x1ab4</run_address>
         <size>0x108</size>
         <input_file_ref idref="fl-5"/>
      </object_component>
      <object_component id="oc-177">
         <name>.debug_info</name>
         <load_address>0x1bbc</load_address>
         <run_address>0x1bbc</run_address>
         <size>0x203</size>
         <input_file_ref idref="fl-5"/>
      </object_component>
      <object_component id="oc-107">
         <name>.debug_info</name>
         <load_address>0x1dbf</load_address>
         <run_address>0x1dbf</run_address>
         <size>0x335</size>
         <input_file_ref idref="fl-5"/>
      </object_component>
      <object_component id="oc-ac">
         <name>.debug_info</name>
         <load_address>0x20f4</load_address>
         <run_address>0x20f4</run_address>
         <size>0x1d0</size>
         <input_file_ref idref="fl-5"/>
      </object_component>
      <object_component id="oc-1c3">
         <name>.debug_info</name>
         <load_address>0x22c4</load_address>
         <run_address>0x22c4</run_address>
         <size>0x24e</size>
         <input_file_ref idref="fl-5"/>
      </object_component>
      <object_component id="oc-1ab">
         <name>.debug_info</name>
         <load_address>0x2512</load_address>
         <run_address>0x2512</run_address>
         <size>0x266</size>
         <input_file_ref idref="fl-5"/>
      </object_component>
      <object_component id="oc-26">
         <name>.debug_info</name>
         <load_address>0x2778</load_address>
         <run_address>0x2778</run_address>
         <size>0x160</size>
         <input_file_ref idref="fl-c0"/>
      </object_component>
      <object_component id="oc-ce">
         <name>.debug_info</name>
         <load_address>0x28d8</load_address>
         <run_address>0x28d8</run_address>
         <size>0xf9</size>
         <input_file_ref idref="fl-c1"/>
      </object_component>
      <object_component id="oc-15">
         <name>.debug_info</name>
         <load_address>0x29d1</load_address>
         <run_address>0x29d1</run_address>
         <size>0x245</size>
         <input_file_ref idref="fl-c1"/>
      </object_component>
      <object_component id="oc-59">
         <name>.debug_info</name>
         <load_address>0x2c16</load_address>
         <run_address>0x2c16</run_address>
         <size>0x60</size>
         <input_file_ref idref="fl-c1"/>
      </object_component>
      <object_component id="oc-c9">
         <name>.debug_info</name>
         <load_address>0x2c76</load_address>
         <run_address>0x2c76</run_address>
         <size>0x46</size>
         <input_file_ref idref="fl-c1"/>
      </object_component>
      <object_component id="oc-6e">
         <name>.debug_info</name>
         <load_address>0x2cbc</load_address>
         <run_address>0x2cbc</run_address>
         <size>0x140</size>
         <input_file_ref idref="fl-c2"/>
      </object_component>
      <object_component id="oc-19">
         <name>.debug_info</name>
         <load_address>0x2dfc</load_address>
         <run_address>0x2dfc</run_address>
         <size>0x1df</size>
         <input_file_ref idref="fl-c2"/>
      </object_component>
      <object_component id="oc-69">
         <name>.debug_info</name>
         <load_address>0x2fdb</load_address>
         <run_address>0x2fdb</run_address>
         <size>0x46</size>
         <input_file_ref idref="fl-c2"/>
      </object_component>
      <object_component id="oc-d0">
         <name>.debug_info</name>
         <load_address>0x3021</load_address>
         <run_address>0x3021</run_address>
         <size>0x2c</size>
         <input_file_ref idref="fl-c2"/>
      </object_component>
      <object_component id="oc-7a">
         <name>.debug_info</name>
         <load_address>0x304d</load_address>
         <run_address>0x304d</run_address>
         <size>0x12f</size>
         <input_file_ref idref="fl-c3"/>
      </object_component>
      <object_component id="oc-1f">
         <name>.debug_info</name>
         <load_address>0x317c</load_address>
         <run_address>0x317c</run_address>
         <size>0x1aa</size>
         <input_file_ref idref="fl-c3"/>
      </object_component>
      <object_component id="oc-75">
         <name>.debug_info</name>
         <load_address>0x3326</load_address>
         <run_address>0x3326</run_address>
         <size>0x46</size>
         <input_file_ref idref="fl-c3"/>
      </object_component>
      <object_component id="oc-d8">
         <name>.debug_info</name>
         <load_address>0x336c</load_address>
         <run_address>0x336c</run_address>
         <size>0x2c</size>
         <input_file_ref idref="fl-c3"/>
      </object_component>
      <object_component id="oc-fe">
         <name>.debug_info</name>
         <load_address>0x3398</load_address>
         <run_address>0x3398</run_address>
         <size>0x234</size>
         <input_file_ref idref="fl-c4"/>
      </object_component>
      <object_component id="oc-f8">
         <name>.debug_info</name>
         <load_address>0x35cc</load_address>
         <run_address>0x35cc</run_address>
         <size>0x185</size>
         <input_file_ref idref="fl-c4"/>
      </object_component>
      <object_component id="oc-94">
         <name>.debug_info</name>
         <load_address>0x3751</load_address>
         <run_address>0x3751</run_address>
         <size>0x214</size>
         <input_file_ref idref="fl-c4"/>
      </object_component>
      <object_component id="oc-64">
         <name>.debug_info</name>
         <load_address>0x3965</load_address>
         <run_address>0x3965</run_address>
         <size>0x111</size>
         <input_file_ref idref="fl-c5"/>
      </object_component>
      <object_component id="oc-70">
         <name>.debug_info</name>
         <load_address>0x3a76</load_address>
         <run_address>0x3a76</run_address>
         <size>0x13f</size>
         <input_file_ref idref="fl-c6"/>
      </object_component>
      <object_component id="oc-7c">
         <name>.debug_info</name>
         <load_address>0x3bb5</load_address>
         <run_address>0x3bb5</run_address>
         <size>0x138</size>
         <input_file_ref idref="fl-c7"/>
      </object_component>
      <object_component id="oc-82">
         <name>.debug_info</name>
         <load_address>0x3ced</load_address>
         <run_address>0x3ced</run_address>
         <size>0x148</size>
         <input_file_ref idref="fl-c8"/>
      </object_component>
      <object_component id="oc-9a">
         <name>.debug_info</name>
         <load_address>0x3e35</load_address>
         <run_address>0x3e35</run_address>
         <size>0x109</size>
         <input_file_ref idref="fl-c9"/>
      </object_component>
      <object_component id="oc-17d">
         <name>.debug_info</name>
         <load_address>0x3f3e</load_address>
         <run_address>0x3f3e</run_address>
         <size>0x13a</size>
         <input_file_ref idref="fl-ca"/>
      </object_component>
      <object_component id="oc-170">
         <name>.debug_info</name>
         <load_address>0x4078</load_address>
         <run_address>0x4078</run_address>
         <size>0x124</size>
         <input_file_ref idref="fl-cb"/>
      </object_component>
      <object_component id="oc-fb">
         <name>.debug_info</name>
         <load_address>0x419c</load_address>
         <run_address>0x419c</run_address>
         <size>0x113</size>
         <input_file_ref idref="fl-cb"/>
      </object_component>
      <object_component id="oc-169">
         <name>.debug_info</name>
         <load_address>0x42af</load_address>
         <run_address>0x42af</run_address>
         <size>0x21f</size>
         <input_file_ref idref="fl-cb"/>
      </object_component>
      <object_component id="oc-f6">
         <name>.debug_info</name>
         <load_address>0x44ce</load_address>
         <run_address>0x44ce</run_address>
         <size>0x166</size>
         <input_file_ref idref="fl-cc"/>
      </object_component>
      <object_component id="oc-8e">
         <name>.debug_info</name>
         <load_address>0x4634</load_address>
         <run_address>0x4634</run_address>
         <size>0x167</size>
         <input_file_ref idref="fl-cc"/>
      </object_component>
      <object_component id="oc-161">
         <name>.debug_info</name>
         <load_address>0x479b</load_address>
         <run_address>0x479b</run_address>
         <size>0x5e</size>
         <input_file_ref idref="fl-cc"/>
      </object_component>
      <object_component id="oc-ee">
         <name>.debug_info</name>
         <load_address>0x47f9</load_address>
         <run_address>0x47f9</run_address>
         <size>0x2e9</size>
         <input_file_ref idref="fl-cd"/>
      </object_component>
      <object_component id="oc-88">
         <name>.debug_info</name>
         <load_address>0x4ae2</load_address>
         <run_address>0x4ae2</run_address>
         <size>0x190</size>
         <input_file_ref idref="fl-cd"/>
      </object_component>
      <object_component id="oc-12a">
         <name>.debug_info</name>
         <load_address>0x4c72</load_address>
         <run_address>0x4c72</run_address>
         <size>0x39</size>
         <input_file_ref idref="fl-cd"/>
      </object_component>
      <object_component id="oc-18e">
         <name>.debug_info</name>
         <load_address>0x4cab</load_address>
         <run_address>0x4cab</run_address>
         <size>0x39</size>
         <input_file_ref idref="fl-cd"/>
      </object_component>
      <object_component id="oc-12f">
         <name>.debug_info</name>
         <load_address>0x4ce4</load_address>
         <run_address>0x4ce4</run_address>
         <size>0xcd</size>
         <input_file_ref idref="fl-cd"/>
      </object_component>
      <object_component id="oc-126">
         <name>.debug_info</name>
         <load_address>0x4db1</load_address>
         <run_address>0x4db1</run_address>
         <size>0x1e0</size>
         <input_file_ref idref="fl-ce"/>
      </object_component>
      <object_component id="oc-e2">
         <name>.debug_info</name>
         <load_address>0x4f91</load_address>
         <run_address>0x4f91</run_address>
         <size>0x183</size>
         <input_file_ref idref="fl-ce"/>
      </object_component>
      <object_component id="oc-189">
         <name>.debug_info</name>
         <load_address>0x5114</load_address>
         <run_address>0x5114</run_address>
         <size>0x2c</size>
         <input_file_ref idref="fl-ce"/>
      </object_component>
      <object_component id="oc-1c8">
         <name>.debug_info</name>
         <load_address>0x5140</load_address>
         <run_address>0x5140</run_address>
         <size>0x147</size>
         <input_file_ref idref="fl-cf"/>
      </object_component>
      <object_component id="oc-e8">
         <name>.debug_info</name>
         <load_address>0x5287</load_address>
         <run_address>0x5287</run_address>
         <size>0x145</size>
         <input_file_ref idref="fl-d0"/>
      </object_component>
      <object_component id="oc-105">
         <name>.debug_info</name>
         <load_address>0x53cc</load_address>
         <run_address>0x53cc</run_address>
         <size>0x230</size>
         <input_file_ref idref="fl-d1"/>
      </object_component>
      <object_component id="oc-a6">
         <name>.debug_info</name>
         <load_address>0x55fc</load_address>
         <run_address>0x55fc</run_address>
         <size>0x2a3</size>
         <input_file_ref idref="fl-d1"/>
      </object_component>
      <object_component id="oc-14f">
         <name>.debug_info</name>
         <load_address>0x589f</load_address>
         <run_address>0x589f</run_address>
         <size>0x23e</size>
         <input_file_ref idref="fl-d2"/>
      </object_component>
      <object_component id="oc-1a9">
         <name>.debug_info</name>
         <load_address>0x5add</load_address>
         <run_address>0x5add</run_address>
         <size>0x298</size>
         <input_file_ref idref="fl-d3"/>
      </object_component>
      <object_component id="oc-1a0">
         <name>.debug_info</name>
         <load_address>0x5d75</load_address>
         <run_address>0x5d75</run_address>
         <size>0x14d</size>
         <input_file_ref idref="fl-d3"/>
      </object_component>
      <object_component id="oc-1a3">
         <name>.debug_info</name>
         <load_address>0x5ec2</load_address>
         <run_address>0x5ec2</run_address>
         <size>0x159</size>
         <input_file_ref idref="fl-d3"/>
      </object_component>
      <object_component id="oc-1cf">
         <name>.debug_info</name>
         <load_address>0x601b</load_address>
         <run_address>0x601b</run_address>
         <size>0x153</size>
         <input_file_ref idref="fl-d3"/>
      </object_component>
      <object_component id="oc-1a6">
         <name>.debug_info</name>
         <load_address>0x616e</load_address>
         <run_address>0x616e</run_address>
         <size>0x160</size>
         <input_file_ref idref="fl-d3"/>
      </object_component>
      <object_component id="oc-147">
         <name>.debug_info</name>
         <load_address>0x62ce</load_address>
         <run_address>0x62ce</run_address>
         <size>0x2b5</size>
         <input_file_ref idref="fl-d3"/>
      </object_component>
      <object_component id="oc-194">
         <name>.debug_info</name>
         <load_address>0x6583</load_address>
         <run_address>0x6583</run_address>
         <size>0x270</size>
         <input_file_ref idref="fl-d3"/>
      </object_component>
      <object_component id="oc-19a">
         <name>.debug_info</name>
         <load_address>0x67f3</load_address>
         <run_address>0x67f3</run_address>
         <size>0x2ba</size>
         <input_file_ref idref="fl-d3"/>
      </object_component>
      <object_component id="oc-135">
         <name>.debug_info</name>
         <load_address>0x6aad</load_address>
         <run_address>0x6aad</run_address>
         <size>0x47f</size>
         <input_file_ref idref="fl-d3"/>
      </object_component>
      <object_component id="oc-1db">
         <name>.debug_info</name>
         <load_address>0x6f2c</load_address>
         <run_address>0x6f2c</run_address>
         <size>0x5f</size>
         <input_file_ref idref="fl-d3"/>
      </object_component>
      <object_component id="oc-1b2">
         <name>.debug_info</name>
         <load_address>0x6f8b</load_address>
         <run_address>0x6f8b</run_address>
         <size>0x19d</size>
         <input_file_ref idref="fl-d4"/>
      </object_component>
      <object_component id="oc-11b">
         <name>.debug_info</name>
         <load_address>0x7128</load_address>
         <run_address>0x7128</run_address>
         <size>0x22c</size>
         <input_file_ref idref="fl-d4"/>
      </object_component>
      <object_component id="oc-141">
         <name>.debug_info</name>
         <load_address>0x7354</load_address>
         <run_address>0x7354</run_address>
         <size>0x261</size>
         <input_file_ref idref="fl-d4"/>
      </object_component>
      <object_component id="oc-153">
         <name>.debug_info</name>
         <load_address>0x75b5</load_address>
         <run_address>0x75b5</run_address>
         <size>0x227</size>
         <input_file_ref idref="fl-d4"/>
      </object_component>
      <object_component id="oc-159">
         <name>.debug_info</name>
         <load_address>0x77dc</load_address>
         <run_address>0x77dc</run_address>
         <size>0x221</size>
         <input_file_ref idref="fl-d4"/>
      </object_component>
      <object_component id="oc-1b5">
         <name>.debug_info</name>
         <load_address>0x79fd</load_address>
         <run_address>0x79fd</run_address>
         <size>0x212</size>
         <input_file_ref idref="fl-d5"/>
      </object_component>
      <object_component id="oc-219">
         <name>.debug_info</name>
         <load_address>0x7c0f</load_address>
         <run_address>0x7c0f</run_address>
         <size>0x99</size>
      </object_component>
      <object_component id="oc-186">
         <name>.debug_line</name>
         <load_address>0x0</load_address>
         <run_address>0x0</run_address>
         <size>0x33</size>
         <input_file_ref idref="fl-2"/>
      </object_component>
      <object_component id="oc-be">
         <name>.debug_line</name>
         <load_address>0x33</load_address>
         <run_address>0x33</run_address>
         <size>0x53</size>
         <input_file_ref idref="fl-2"/>
      </object_component>
      <object_component id="oc-47">
         <name>.debug_line</name>
         <load_address>0x86</load_address>
         <run_address>0x86</run_address>
         <size>0x45</size>
         <input_file_ref idref="fl-2"/>
      </object_component>
      <object_component id="oc-61">
         <name>.debug_line</name>
         <load_address>0xcb</load_address>
         <run_address>0xcb</run_address>
         <size>0x20</size>
         <input_file_ref idref="fl-2"/>
      </object_component>
      <object_component id="oc-c7">
         <name>.debug_line</name>
         <load_address>0xeb</load_address>
         <run_address>0xeb</run_address>
         <size>0x6d</size>
         <input_file_ref idref="fl-2"/>
      </object_component>
      <object_component id="oc-118">
         <name>.debug_line</name>
         <load_address>0x158</load_address>
         <run_address>0x158</run_address>
         <size>0x33</size>
         <input_file_ref idref="fl-2"/>
      </object_component>
      <object_component id="oc-c3">
         <name>.debug_line</name>
         <load_address>0x18b</load_address>
         <run_address>0x18b</run_address>
         <size>0x34</size>
         <input_file_ref idref="fl-3"/>
      </object_component>
      <object_component id="oc-56">
         <name>.debug_line</name>
         <load_address>0x1bf</load_address>
         <run_address>0x1bf</run_address>
         <size>0x34</size>
         <input_file_ref idref="fl-3"/>
      </object_component>
      <object_component id="oc-2f">
         <name>.debug_line</name>
         <load_address>0x1f3</load_address>
         <run_address>0x1f3</run_address>
         <size>0x46</size>
         <input_file_ref idref="fl-3"/>
      </object_component>
      <object_component id="oc-35">
         <name>.debug_line</name>
         <load_address>0x239</load_address>
         <run_address>0x239</run_address>
         <size>0x49</size>
         <input_file_ref idref="fl-3"/>
      </object_component>
      <object_component id="oc-41">
         <name>.debug_line</name>
         <load_address>0x282</load_address>
         <run_address>0x282</run_address>
         <size>0x49</size>
         <input_file_ref idref="fl-3"/>
      </object_component>
      <object_component id="oc-3b">
         <name>.debug_line</name>
         <load_address>0x2cb</load_address>
         <run_address>0x2cb</run_address>
         <size>0x49</size>
         <input_file_ref idref="fl-3"/>
      </object_component>
      <object_component id="oc-114">
         <name>.debug_line</name>
         <load_address>0x314</load_address>
         <run_address>0x314</run_address>
         <size>0x183</size>
         <input_file_ref idref="fl-4"/>
      </object_component>
      <object_component id="oc-103">
         <name>.debug_line</name>
         <load_address>0x497</load_address>
         <run_address>0x497</run_address>
         <size>0x2f</size>
         <input_file_ref idref="fl-4"/>
      </object_component>
      <object_component id="oc-13e">
         <name>.debug_line</name>
         <load_address>0x4c6</load_address>
         <run_address>0x4c6</run_address>
         <size>0x49</size>
         <input_file_ref idref="fl-4"/>
      </object_component>
      <object_component id="oc-f3">
         <name>.debug_line</name>
         <load_address>0x50f</load_address>
         <run_address>0x50f</run_address>
         <size>0x70</size>
         <input_file_ref idref="fl-4"/>
      </object_component>
      <object_component id="oc-53">
         <name>.debug_line</name>
         <load_address>0x57f</load_address>
         <run_address>0x57f</run_address>
         <size>0x4f</size>
         <input_file_ref idref="fl-4"/>
      </object_component>
      <object_component id="oc-4d">
         <name>.debug_line</name>
         <load_address>0x5ce</load_address>
         <run_address>0x5ce</run_address>
         <size>0x4d</size>
         <input_file_ref idref="fl-4"/>
      </object_component>
      <object_component id="oc-b8">
         <name>.debug_line</name>
         <load_address>0x61b</load_address>
         <run_address>0x61b</run_address>
         <size>0x20</size>
         <input_file_ref idref="fl-4"/>
      </object_component>
      <object_component id="oc-111">
         <name>.debug_line</name>
         <load_address>0x63b</load_address>
         <run_address>0x63b</run_address>
         <size>0x6d</size>
         <input_file_ref idref="fl-4"/>
      </object_component>
      <object_component id="oc-183">
         <name>.debug_line</name>
         <load_address>0x6a8</load_address>
         <run_address>0x6a8</run_address>
         <size>0x20</size>
         <input_file_ref idref="fl-5"/>
      </object_component>
      <object_component id="oc-1eb">
         <name>.debug_line</name>
         <load_address>0x6c8</load_address>
         <run_address>0x6c8</run_address>
         <size>0x5f</size>
         <input_file_ref idref="fl-5"/>
      </object_component>
      <object_component id="oc-1f4">
         <name>.debug_line</name>
         <load_address>0x727</load_address>
         <run_address>0x727</run_address>
         <size>0x5f</size>
         <input_file_ref idref="fl-5"/>
      </object_component>
      <object_component id="oc-1f2">
         <name>.debug_line</name>
         <load_address>0x786</load_address>
         <run_address>0x786</run_address>
         <size>0x5f</size>
         <input_file_ref idref="fl-5"/>
      </object_component>
      <object_component id="oc-17a">
         <name>.debug_line</name>
         <load_address>0x7e5</load_address>
         <run_address>0x7e5</run_address>
         <size>0x8f</size>
         <input_file_ref idref="fl-5"/>
      </object_component>
      <object_component id="oc-10a">
         <name>.debug_line</name>
         <load_address>0x874</load_address>
         <run_address>0x874</run_address>
         <size>0x194</size>
         <input_file_ref idref="fl-5"/>
      </object_component>
      <object_component id="oc-af">
         <name>.debug_line</name>
         <load_address>0xa08</load_address>
         <run_address>0xa08</run_address>
         <size>0x76</size>
         <input_file_ref idref="fl-5"/>
      </object_component>
      <object_component id="oc-1ed">
         <name>.debug_line</name>
         <load_address>0xa7e</load_address>
         <run_address>0xa7e</run_address>
         <size>0xba</size>
         <input_file_ref idref="fl-5"/>
      </object_component>
      <object_component id="oc-1ae">
         <name>.debug_line</name>
         <load_address>0xb38</load_address>
         <run_address>0xb38</run_address>
         <size>0x80</size>
         <input_file_ref idref="fl-5"/>
      </object_component>
      <object_component id="oc-25">
         <name>.debug_line</name>
         <load_address>0xbb8</load_address>
         <run_address>0xbb8</run_address>
         <size>0x53</size>
         <input_file_ref idref="fl-c0"/>
      </object_component>
      <object_component id="oc-124">
         <name>.debug_line</name>
         <load_address>0xc0b</load_address>
         <run_address>0xc0b</run_address>
         <size>0x20</size>
         <input_file_ref idref="fl-c1"/>
      </object_component>
      <object_component id="oc-13">
         <name>.debug_line</name>
         <load_address>0xc2b</load_address>
         <run_address>0xc2b</run_address>
         <size>0xa9</size>
         <input_file_ref idref="fl-c1"/>
      </object_component>
      <object_component id="oc-5c">
         <name>.debug_line</name>
         <load_address>0xcd4</load_address>
         <run_address>0xcd4</run_address>
         <size>0x3a</size>
         <input_file_ref idref="fl-c1"/>
      </object_component>
      <object_component id="oc-cc">
         <name>.debug_line</name>
         <load_address>0xd0e</load_address>
         <run_address>0xd0e</run_address>
         <size>0x8a</size>
         <input_file_ref idref="fl-c1"/>
      </object_component>
      <object_component id="oc-d6">
         <name>.debug_line</name>
         <load_address>0xd98</load_address>
         <run_address>0xd98</run_address>
         <size>0x8a</size>
         <input_file_ref idref="fl-c2"/>
      </object_component>
      <object_component id="oc-1c">
         <name>.debug_line</name>
         <load_address>0xe22</load_address>
         <run_address>0xe22</run_address>
         <size>0x55</size>
         <input_file_ref idref="fl-c2"/>
      </object_component>
      <object_component id="oc-6c">
         <name>.debug_line</name>
         <load_address>0xe77</load_address>
         <run_address>0xe77</run_address>
         <size>0x3a</size>
         <input_file_ref idref="fl-c2"/>
      </object_component>
      <object_component id="oc-d3">
         <name>.debug_line</name>
         <load_address>0xeb1</load_address>
         <run_address>0xeb1</run_address>
         <size>0x8a</size>
         <input_file_ref idref="fl-c2"/>
      </object_component>
      <object_component id="oc-de">
         <name>.debug_line</name>
         <load_address>0xf3b</load_address>
         <run_address>0xf3b</run_address>
         <size>0x8a</size>
         <input_file_ref idref="fl-c3"/>
      </object_component>
      <object_component id="oc-22">
         <name>.debug_line</name>
         <load_address>0xfc5</load_address>
         <run_address>0xfc5</run_address>
         <size>0x4f</size>
         <input_file_ref idref="fl-c3"/>
      </object_component>
      <object_component id="oc-78">
         <name>.debug_line</name>
         <load_address>0x1014</load_address>
         <run_address>0x1014</run_address>
         <size>0x34</size>
         <input_file_ref idref="fl-c3"/>
      </object_component>
      <object_component id="oc-db">
         <name>.debug_line</name>
         <load_address>0x1048</load_address>
         <run_address>0x1048</run_address>
         <size>0x8a</size>
         <input_file_ref idref="fl-c3"/>
      </object_component>
      <object_component id="oc-173">
         <name>.debug_line</name>
         <load_address>0x10d2</load_address>
         <run_address>0x10d2</run_address>
         <size>0xf2</size>
         <input_file_ref idref="fl-c4"/>
      </object_component>
      <object_component id="oc-167">
         <name>.debug_line</name>
         <load_address>0x11c4</load_address>
         <run_address>0x11c4</run_address>
         <size>0x2a</size>
         <input_file_ref idref="fl-c4"/>
      </object_component>
      <object_component id="oc-97">
         <name>.debug_line</name>
         <load_address>0x11ee</load_address>
         <run_address>0x11ee</run_address>
         <size>0x86</size>
         <input_file_ref idref="fl-c4"/>
      </object_component>
      <object_component id="oc-67">
         <name>.debug_line</name>
         <load_address>0x1274</load_address>
         <run_address>0x1274</run_address>
         <size>0x88</size>
         <input_file_ref idref="fl-c5"/>
      </object_component>
      <object_component id="oc-73">
         <name>.debug_line</name>
         <load_address>0x12fc</load_address>
         <run_address>0x12fc</run_address>
         <size>0x79</size>
         <input_file_ref idref="fl-c6"/>
      </object_component>
      <object_component id="oc-7f">
         <name>.debug_line</name>
         <load_address>0x1375</load_address>
         <run_address>0x1375</run_address>
         <size>0x3d</size>
         <input_file_ref idref="fl-c7"/>
      </object_component>
      <object_component id="oc-85">
         <name>.debug_line</name>
         <load_address>0x13b2</load_address>
         <run_address>0x13b2</run_address>
         <size>0x40</size>
         <input_file_ref idref="fl-c8"/>
      </object_component>
      <object_component id="oc-101">
         <name>.debug_line</name>
         <load_address>0x13f2</load_address>
         <run_address>0x13f2</run_address>
         <size>0x33</size>
         <input_file_ref idref="fl-c9"/>
      </object_component>
      <object_component id="oc-180">
         <name>.debug_line</name>
         <load_address>0x1425</load_address>
         <run_address>0x1425</run_address>
         <size>0x5b</size>
         <input_file_ref idref="fl-ca"/>
      </object_component>
      <object_component id="oc-1bf">
         <name>.debug_line</name>
         <load_address>0x1480</load_address>
         <run_address>0x1480</run_address>
         <size>0x20</size>
         <input_file_ref idref="fl-cb"/>
      </object_component>
      <object_component id="oc-16f">
         <name>.debug_line</name>
         <load_address>0x14a0</load_address>
         <run_address>0x14a0</run_address>
         <size>0x2b</size>
         <input_file_ref idref="fl-cb"/>
      </object_component>
      <object_component id="oc-16c">
         <name>.debug_line</name>
         <load_address>0x14cb</load_address>
         <run_address>0x14cb</run_address>
         <size>0x68</size>
         <input_file_ref idref="fl-cb"/>
      </object_component>
      <object_component id="oc-160">
         <name>.debug_line</name>
         <load_address>0x1533</load_address>
         <run_address>0x1533</run_address>
         <size>0x2b</size>
         <input_file_ref idref="fl-cc"/>
      </object_component>
      <object_component id="oc-91">
         <name>.debug_line</name>
         <load_address>0x155e</load_address>
         <run_address>0x155e</run_address>
         <size>0x4a</size>
         <input_file_ref idref="fl-cc"/>
      </object_component>
      <object_component id="oc-164">
         <name>.debug_line</name>
         <load_address>0x15a8</load_address>
         <run_address>0x15a8</run_address>
         <size>0x2b</size>
         <input_file_ref idref="fl-cc"/>
      </object_component>
      <object_component id="oc-129">
         <name>.debug_line</name>
         <load_address>0x15d3</load_address>
         <run_address>0x15d3</run_address>
         <size>0xa9</size>
         <input_file_ref idref="fl-cd"/>
      </object_component>
      <object_component id="oc-8b">
         <name>.debug_line</name>
         <load_address>0x167c</load_address>
         <run_address>0x167c</run_address>
         <size>0x8b</size>
         <input_file_ref idref="fl-cd"/>
      </object_component>
      <object_component id="oc-12d">
         <name>.debug_line</name>
         <load_address>0x1707</load_address>
         <run_address>0x1707</run_address>
         <size>0x2e</size>
         <input_file_ref idref="fl-cd"/>
      </object_component>
      <object_component id="oc-191">
         <name>.debug_line</name>
         <load_address>0x1735</load_address>
         <run_address>0x1735</run_address>
         <size>0x8a</size>
         <input_file_ref idref="fl-cd"/>
      </object_component>
      <object_component id="oc-132">
         <name>.debug_line</name>
         <load_address>0x17bf</load_address>
         <run_address>0x17bf</run_address>
         <size>0x8b</size>
         <input_file_ref idref="fl-cd"/>
      </object_component>
      <object_component id="oc-188">
         <name>.debug_line</name>
         <load_address>0x184a</load_address>
         <run_address>0x184a</run_address>
         <size>0x98</size>
         <input_file_ref idref="fl-ce"/>
      </object_component>
      <object_component id="oc-e5">
         <name>.debug_line</name>
         <load_address>0x18e2</load_address>
         <run_address>0x18e2</run_address>
         <size>0x68</size>
         <input_file_ref idref="fl-ce"/>
      </object_component>
      <object_component id="oc-18c">
         <name>.debug_line</name>
         <load_address>0x194a</load_address>
         <run_address>0x194a</run_address>
         <size>0x2e</size>
         <input_file_ref idref="fl-ce"/>
      </object_component>
      <object_component id="oc-1cb">
         <name>.debug_line</name>
         <load_address>0x1978</load_address>
         <run_address>0x1978</run_address>
         <size>0x3b</size>
         <input_file_ref idref="fl-cf"/>
      </object_component>
      <object_component id="oc-eb">
         <name>.debug_line</name>
         <load_address>0x19b3</load_address>
         <run_address>0x19b3</run_address>
         <size>0x3c</size>
         <input_file_ref idref="fl-d0"/>
      </object_component>
      <object_component id="oc-175">
         <name>.debug_line</name>
         <load_address>0x19ef</load_address>
         <run_address>0x19ef</run_address>
         <size>0x82</size>
         <input_file_ref idref="fl-d1"/>
      </object_component>
      <object_component id="oc-a9">
         <name>.debug_line</name>
         <load_address>0x1a71</load_address>
         <run_address>0x1a71</run_address>
         <size>0x92</size>
         <input_file_ref idref="fl-d1"/>
      </object_component>
      <object_component id="oc-14e">
         <name>.debug_line</name>
         <load_address>0x1b03</load_address>
         <run_address>0x1b03</run_address>
         <size>0x97</size>
         <input_file_ref idref="fl-d2"/>
      </object_component>
      <object_component id="oc-1da">
         <name>.debug_line</name>
         <load_address>0x1b9a</load_address>
         <run_address>0x1b9a</run_address>
         <size>0x13d</size>
         <input_file_ref idref="fl-d3"/>
      </object_component>
      <object_component id="oc-1d4">
         <name>.debug_line</name>
         <load_address>0x1cd7</load_address>
         <run_address>0x1cd7</run_address>
         <size>0x7f</size>
         <input_file_ref idref="fl-d3"/>
      </object_component>
      <object_component id="oc-1d6">
         <name>.debug_line</name>
         <load_address>0x1d56</load_address>
         <run_address>0x1d56</run_address>
         <size>0x7f</size>
         <input_file_ref idref="fl-d3"/>
      </object_component>
      <object_component id="oc-1f0">
         <name>.debug_line</name>
         <load_address>0x1dd5</load_address>
         <run_address>0x1dd5</run_address>
         <size>0x7f</size>
         <input_file_ref idref="fl-d3"/>
      </object_component>
      <object_component id="oc-1d8">
         <name>.debug_line</name>
         <load_address>0x1e54</load_address>
         <run_address>0x1e54</run_address>
         <size>0x7f</size>
         <input_file_ref idref="fl-d3"/>
      </object_component>
      <object_component id="oc-14a">
         <name>.debug_line</name>
         <load_address>0x1ed3</load_address>
         <run_address>0x1ed3</run_address>
         <size>0x11a</size>
         <input_file_ref idref="fl-d3"/>
      </object_component>
      <object_component id="oc-197">
         <name>.debug_line</name>
         <load_address>0x1fed</load_address>
         <run_address>0x1fed</run_address>
         <size>0x9e</size>
         <input_file_ref idref="fl-d3"/>
      </object_component>
      <object_component id="oc-19d">
         <name>.debug_line</name>
         <load_address>0x208b</load_address>
         <run_address>0x208b</run_address>
         <size>0xb0</size>
         <input_file_ref idref="fl-d3"/>
      </object_component>
      <object_component id="oc-138">
         <name>.debug_line</name>
         <load_address>0x213b</load_address>
         <run_address>0x213b</run_address>
         <size>0x176</size>
         <input_file_ref idref="fl-d3"/>
      </object_component>
      <object_component id="oc-1de">
         <name>.debug_line</name>
         <load_address>0x22b1</load_address>
         <run_address>0x22b1</run_address>
         <size>0x7f</size>
         <input_file_ref idref="fl-d3"/>
      </object_component>
      <object_component id="oc-1e8">
         <name>.debug_line</name>
         <load_address>0x2330</load_address>
         <run_address>0x2330</run_address>
         <size>0x82</size>
         <input_file_ref idref="fl-d4"/>
      </object_component>
      <object_component id="oc-11e">
         <name>.debug_line</name>
         <load_address>0x23b2</load_address>
         <run_address>0x23b2</run_address>
         <size>0x95</size>
         <input_file_ref idref="fl-d4"/>
      </object_component>
      <object_component id="oc-144">
         <name>.debug_line</name>
         <load_address>0x2447</load_address>
         <run_address>0x2447</run_address>
         <size>0x95</size>
         <input_file_ref idref="fl-d4"/>
      </object_component>
      <object_component id="oc-156">
         <name>.debug_line</name>
         <load_address>0x24dc</load_address>
         <run_address>0x24dc</run_address>
         <size>0x95</size>
         <input_file_ref idref="fl-d4"/>
      </object_component>
      <object_component id="oc-15c">
         <name>.debug_line</name>
         <load_address>0x2571</load_address>
         <run_address>0x2571</run_address>
         <size>0x92</size>
         <input_file_ref idref="fl-d4"/>
      </object_component>
      <object_component id="oc-1b8">
         <name>.debug_line</name>
         <load_address>0x2603</load_address>
         <run_address>0x2603</run_address>
         <size>0x91</size>
         <input_file_ref idref="fl-d5"/>
      </object_component>
      <object_component id="oc-bf">
         <name>.debug_frame</name>
         <load_address>0x0</load_address>
         <run_address>0x0</run_address>
         <size>0x5c</size>
         <input_file_ref idref="fl-2"/>
      </object_component>
      <object_component id="oc-48">
         <name>.debug_frame</name>
         <load_address>0x5c</load_address>
         <run_address>0x5c</run_address>
         <size>0x51</size>
         <input_file_ref idref="fl-2"/>
      </object_component>
      <object_component id="oc-30">
         <name>.debug_frame</name>
         <load_address>0xad</load_address>
         <run_address>0xad</run_address>
         <size>0x51</size>
         <input_file_ref idref="fl-3"/>
      </object_component>
      <object_component id="oc-36">
         <name>.debug_frame</name>
         <load_address>0xfe</load_address>
         <run_address>0xfe</run_address>
         <size>0x51</size>
         <input_file_ref idref="fl-3"/>
      </object_component>
      <object_component id="oc-42">
         <name>.debug_frame</name>
         <load_address>0x14f</load_address>
         <run_address>0x14f</run_address>
         <size>0x51</size>
         <input_file_ref idref="fl-3"/>
      </object_component>
      <object_component id="oc-3c">
         <name>.debug_frame</name>
         <load_address>0x1a0</load_address>
         <run_address>0x1a0</run_address>
         <size>0x51</size>
         <input_file_ref idref="fl-3"/>
      </object_component>
      <object_component id="oc-13f">
         <name>.debug_frame</name>
         <load_address>0x1f1</load_address>
         <run_address>0x1f1</run_address>
         <size>0x58</size>
         <input_file_ref idref="fl-4"/>
      </object_component>
      <object_component id="oc-f4">
         <name>.debug_frame</name>
         <load_address>0x249</load_address>
         <run_address>0x249</run_address>
         <size>0x60</size>
         <input_file_ref idref="fl-4"/>
      </object_component>
      <object_component id="oc-54">
         <name>.debug_frame</name>
         <load_address>0x2a9</load_address>
         <run_address>0x2a9</run_address>
         <size>0x5c</size>
         <input_file_ref idref="fl-4"/>
      </object_component>
      <object_component id="oc-4e">
         <name>.debug_frame</name>
         <load_address>0x305</load_address>
         <run_address>0x305</run_address>
         <size>0x5c</size>
         <input_file_ref idref="fl-4"/>
      </object_component>
      <object_component id="oc-17b">
         <name>.debug_frame</name>
         <load_address>0x361</load_address>
         <run_address>0x361</run_address>
         <size>0x60</size>
         <input_file_ref idref="fl-5"/>
      </object_component>
      <object_component id="oc-10b">
         <name>.debug_frame</name>
         <load_address>0x3c1</load_address>
         <run_address>0x3c1</run_address>
         <size>0x6b</size>
         <input_file_ref idref="fl-5"/>
      </object_component>
      <object_component id="oc-b0">
         <name>.debug_frame</name>
         <load_address>0x42c</load_address>
         <run_address>0x42c</run_address>
         <size>0x6a</size>
         <input_file_ref idref="fl-5"/>
      </object_component>
      <object_component id="oc-1af">
         <name>.debug_frame</name>
         <load_address>0x496</load_address>
         <run_address>0x496</run_address>
         <size>0x60</size>
         <input_file_ref idref="fl-5"/>
      </object_component>
      <object_component id="oc-14">
         <name>.debug_frame</name>
         <load_address>0x4f6</load_address>
         <run_address>0x4f6</run_address>
         <size>0x60</size>
         <input_file_ref idref="fl-c1"/>
      </object_component>
      <object_component id="oc-1d">
         <name>.debug_frame</name>
         <load_address>0x556</load_address>
         <run_address>0x556</run_address>
         <size>0x51</size>
         <input_file_ref idref="fl-c2"/>
      </object_component>
      <object_component id="oc-23">
         <name>.debug_frame</name>
         <load_address>0x5a7</load_address>
         <run_address>0x5a7</run_address>
         <size>0x51</size>
         <input_file_ref idref="fl-c3"/>
      </object_component>
      <object_component id="oc-98">
         <name>.debug_frame</name>
         <load_address>0x5f8</load_address>
         <run_address>0x5f8</run_address>
         <size>0x85</size>
         <input_file_ref idref="fl-c4"/>
      </object_component>
      <object_component id="oc-80">
         <name>.debug_frame</name>
         <load_address>0x67d</load_address>
         <run_address>0x67d</run_address>
         <size>0x51</size>
         <input_file_ref idref="fl-c7"/>
      </object_component>
      <object_component id="oc-86">
         <name>.debug_frame</name>
         <load_address>0x6ce</load_address>
         <run_address>0x6ce</run_address>
         <size>0x51</size>
         <input_file_ref idref="fl-c8"/>
      </object_component>
      <object_component id="oc-16d">
         <name>.debug_frame</name>
         <load_address>0x71f</load_address>
         <run_address>0x71f</run_address>
         <size>0x73</size>
         <input_file_ref idref="fl-cb"/>
      </object_component>
      <object_component id="oc-92">
         <name>.debug_frame</name>
         <load_address>0x792</load_address>
         <run_address>0x792</run_address>
         <size>0x51</size>
         <input_file_ref idref="fl-cc"/>
      </object_component>
      <object_component id="oc-8c">
         <name>.debug_frame</name>
         <load_address>0x7e3</load_address>
         <run_address>0x7e3</run_address>
         <size>0x5c</size>
         <input_file_ref idref="fl-cd"/>
      </object_component>
      <object_component id="oc-e6">
         <name>.debug_frame</name>
         <load_address>0x83f</load_address>
         <run_address>0x83f</run_address>
         <size>0x60</size>
         <input_file_ref idref="fl-ce"/>
      </object_component>
      <object_component id="oc-1cc">
         <name>.debug_frame</name>
         <load_address>0x89f</load_address>
         <run_address>0x89f</run_address>
         <size>0x51</size>
         <input_file_ref idref="fl-cf"/>
      </object_component>
      <object_component id="oc-ec">
         <name>.debug_frame</name>
         <load_address>0x8f0</load_address>
         <run_address>0x8f0</run_address>
         <size>0x51</size>
         <input_file_ref idref="fl-d0"/>
      </object_component>
      <object_component id="oc-aa">
         <name>.debug_frame</name>
         <load_address>0x941</load_address>
         <run_address>0x941</run_address>
         <size>0x7f</size>
         <input_file_ref idref="fl-d1"/>
      </object_component>
      <object_component id="oc-151">
         <name>.debug_frame</name>
         <load_address>0x9c0</load_address>
         <run_address>0x9c0</run_address>
         <size>0x86</size>
         <input_file_ref idref="fl-d2"/>
      </object_component>
      <object_component id="oc-14b">
         <name>.debug_frame</name>
         <load_address>0xa46</load_address>
         <run_address>0xa46</run_address>
         <size>0x8e</size>
         <input_file_ref idref="fl-d3"/>
      </object_component>
      <object_component id="oc-198">
         <name>.debug_frame</name>
         <load_address>0xad4</load_address>
         <run_address>0xad4</run_address>
         <size>0x7f</size>
         <input_file_ref idref="fl-d3"/>
      </object_component>
      <object_component id="oc-19e">
         <name>.debug_frame</name>
         <load_address>0xb53</load_address>
         <run_address>0xb53</run_address>
         <size>0x8a</size>
         <input_file_ref idref="fl-d3"/>
      </object_component>
      <object_component id="oc-139">
         <name>.debug_frame</name>
         <load_address>0xbdd</load_address>
         <run_address>0xbdd</run_address>
         <size>0x98</size>
         <input_file_ref idref="fl-d3"/>
      </object_component>
      <object_component id="oc-11f">
         <name>.debug_frame</name>
         <load_address>0xc75</load_address>
         <run_address>0xc75</run_address>
         <size>0x7f</size>
         <input_file_ref idref="fl-d4"/>
      </object_component>
      <object_component id="oc-145">
         <name>.debug_frame</name>
         <load_address>0xcf4</load_address>
         <run_address>0xcf4</run_address>
         <size>0x7f</size>
         <input_file_ref idref="fl-d4"/>
      </object_component>
      <object_component id="oc-157">
         <name>.debug_frame</name>
         <load_address>0xd73</load_address>
         <run_address>0xd73</run_address>
         <size>0x7f</size>
         <input_file_ref idref="fl-d4"/>
      </object_component>
      <object_component id="oc-15d">
         <name>.debug_frame</name>
         <load_address>0xdf2</load_address>
         <run_address>0xdf2</run_address>
         <size>0x7f</size>
         <input_file_ref idref="fl-d4"/>
      </object_component>
      <object_component id="oc-1b9">
         <name>.debug_frame</name>
         <load_address>0xe71</load_address>
         <run_address>0xe71</run_address>
         <size>0x7f</size>
         <input_file_ref idref="fl-d5"/>
      </object_component>
      <object_component id="oc-185">
         <name>.debug_abbrev</name>
         <load_address>0x0</load_address>
         <run_address>0x0</run_address>
         <size>0x4f</size>
         <input_file_ref idref="fl-2"/>
      </object_component>
      <object_component id="oc-121">
         <name>.debug_abbrev</name>
         <load_address>0x4f</load_address>
         <run_address>0x4f</run_address>
         <size>0x7c</size>
         <input_file_ref idref="fl-2"/>
      </object_component>
      <object_component id="oc-a4">
         <name>.debug_abbrev</name>
         <load_address>0xcb</load_address>
         <run_address>0xcb</run_address>
         <size>0x50</size>
         <input_file_ref idref="fl-2"/>
      </object_component>
      <object_component id="oc-60">
         <name>.debug_abbrev</name>
         <load_address>0x11b</load_address>
         <run_address>0x11b</run_address>
         <size>0x1f</size>
         <input_file_ref idref="fl-2"/>
      </object_component>
      <object_component id="oc-c6">
         <name>.debug_abbrev</name>
         <load_address>0x13a</load_address>
         <run_address>0x13a</run_address>
         <size>0x35</size>
         <input_file_ref idref="fl-2"/>
      </object_component>
      <object_component id="oc-117">
         <name>.debug_abbrev</name>
         <load_address>0x16f</load_address>
         <run_address>0x16f</run_address>
         <size>0x4b</size>
         <input_file_ref idref="fl-2"/>
      </object_component>
      <object_component id="oc-c2">
         <name>.debug_abbrev</name>
         <load_address>0x1ba</load_address>
         <run_address>0x1ba</run_address>
         <size>0x68</size>
         <input_file_ref idref="fl-3"/>
      </object_component>
      <object_component id="oc-55">
         <name>.debug_abbrev</name>
         <load_address>0x222</load_address>
         <run_address>0x222</run_address>
         <size>0x29</size>
         <input_file_ref idref="fl-3"/>
      </object_component>
      <object_component id="oc-9d">
         <name>.debug_abbrev</name>
         <load_address>0x24b</load_address>
         <run_address>0x24b</run_address>
         <size>0x50</size>
         <input_file_ref idref="fl-3"/>
      </object_component>
      <object_component id="oc-9e">
         <name>.debug_abbrev</name>
         <load_address>0x29b</load_address>
         <run_address>0x29b</run_address>
         <size>0x40</size>
         <input_file_ref idref="fl-3"/>
      </object_component>
      <object_component id="oc-a0">
         <name>.debug_abbrev</name>
         <load_address>0x2db</load_address>
         <run_address>0x2db</run_address>
         <size>0x40</size>
         <input_file_ref idref="fl-3"/>
      </object_component>
      <object_component id="oc-9f">
         <name>.debug_abbrev</name>
         <load_address>0x31b</load_address>
         <run_address>0x31b</run_address>
         <size>0x40</size>
         <input_file_ref idref="fl-3"/>
      </object_component>
      <object_component id="oc-113">
         <name>.debug_abbrev</name>
         <load_address>0x35b</load_address>
         <run_address>0x35b</run_address>
         <size>0xe2</size>
         <input_file_ref idref="fl-4"/>
      </object_component>
      <object_component id="oc-102">
         <name>.debug_abbrev</name>
         <load_address>0x43d</load_address>
         <run_address>0x43d</run_address>
         <size>0x29</size>
         <input_file_ref idref="fl-4"/>
      </object_component>
      <object_component id="oc-1b0">
         <name>.debug_abbrev</name>
         <load_address>0x466</load_address>
         <run_address>0x466</run_address>
         <size>0x6d</size>
         <input_file_ref idref="fl-4"/>
      </object_component>
      <object_component id="oc-15e">
         <name>.debug_abbrev</name>
         <load_address>0x4d3</load_address>
         <run_address>0x4d3</run_address>
         <size>0x63</size>
         <input_file_ref idref="fl-4"/>
      </object_component>
      <object_component id="oc-c1">
         <name>.debug_abbrev</name>
         <load_address>0x536</load_address>
         <run_address>0x536</run_address>
         <size>0x7b</size>
         <input_file_ref idref="fl-4"/>
      </object_component>
      <object_component id="oc-b4">
         <name>.debug_abbrev</name>
         <load_address>0x5b1</load_address>
         <run_address>0x5b1</run_address>
         <size>0x7b</size>
         <input_file_ref idref="fl-4"/>
      </object_component>
      <object_component id="oc-b7">
         <name>.debug_abbrev</name>
         <load_address>0x62c</load_address>
         <run_address>0x62c</run_address>
         <size>0x1f</size>
         <input_file_ref idref="fl-4"/>
      </object_component>
      <object_component id="oc-110">
         <name>.debug_abbrev</name>
         <load_address>0x64b</load_address>
         <run_address>0x64b</run_address>
         <size>0x4b</size>
         <input_file_ref idref="fl-4"/>
      </object_component>
      <object_component id="oc-182">
         <name>.debug_abbrev</name>
[...]
         <contents>
            <object_component_ref idref="oc-bd"/>
            <object_component_ref idref="oc-46"/>
            <object_component_ref idref="oc-11"/>
            <object_component_ref idref="oc-2e"/>
            <object_component_ref idref="oc-34"/>
            <object_component_ref idref="oc-40"/>
            <object_component_ref idref="oc-3a"/>
            <object_component_ref idref="oc-b3"/>
            <object_component_ref idref="oc-a3"/>
            <object_component_ref idref="oc-13d"/>
            <object_component_ref idref="oc-f2"/>
            <object_component_ref idref="oc-52"/>
            <object_component_ref idref="oc-4c"/>
            <object_component_ref idref="oc-1c2"/>
            <object_component_ref idref="oc-1e5"/>
            <object_component_ref idref="oc-1e2"/>
            <object_component_ref idref="oc-179"/>
            <object_component_ref idref="oc-109"/>
            <object_component_ref idref="oc-ae"/>
            <object_component_ref idref="oc-1c5"/>
            <object_component_ref idref="oc-1ad"/>
            <object_component_ref idref="oc-28"/>
            <object_component_ref idref="oc-17"/>
            <object_component_ref idref="oc-1b"/>
            <object_component_ref idref="oc-21"/>
            <object_component_ref idref="oc-f9"/>
            <object_component_ref idref="oc-96"/>
            <object_component_ref idref="oc-66"/>
            <object_component_ref idref="oc-72"/>
            <object_component_ref idref="oc-7e"/>
            <object_component_ref idref="oc-84"/>
            <object_component_ref idref="oc-9b"/>
            <object_component_ref idref="oc-17f"/>
            <object_component_ref idref="oc-fc"/>
            <object_component_ref idref="oc-16b"/>
            <object_component_ref idref="oc-90"/>
            <object_component_ref idref="oc-8a"/>
            <object_component_ref idref="oc-e4"/>
            <object_component_ref idref="oc-1ca"/>
            <object_component_ref idref="oc-ea"/>
            <object_component_ref idref="oc-a8"/>
            <object_component_ref idref="oc-150"/>
            <object_component_ref idref="oc-1a1"/>
            <object_component_ref idref="oc-1a4"/>
            <object_component_ref idref="oc-1d0"/>
            <object_component_ref idref="oc-1a7"/>
            <object_component_ref idref="oc-149"/>
            <object_component_ref idref="oc-196"/>
            <object_component_ref idref="oc-19c"/>
            <object_component_ref idref="oc-137"/>
            <object_component_ref idref="oc-11d"/>
            <object_component_ref idref="oc-143"/>
            <object_component_ref idref="oc-155"/>
            <object_component_ref idref="oc-15b"/>
            <object_component_ref idref="oc-1b7"/>
         </contents>
      </logical_group>
      <logical_group id="lg-212" display="never" color="cyan">
         <name>.debug_pubtypes</name>
         <load_address>0x0</load_address>
         <run_address>0x0</run_address>
         <size>0x6c3</size>
         <contents>
            <object_component_ref idref="oc-5f"/>
            <object_component_ref idref="oc-c5"/>
            <object_component_ref idref="oc-116"/>
            <object_component_ref idref="oc-b6"/>
            <object_component_ref idref="oc-10f"/>
            <object_component_ref idref="oc-5a"/>
            <object_component_ref idref="oc-ca"/>
            <object_component_ref idref="oc-6a"/>
            <object_component_ref idref="oc-d1"/>
            <object_component_ref idref="oc-76"/>
            <object_component_ref idref="oc-d9"/>
            <object_component_ref idref="oc-ff"/>
            <object_component_ref idref="oc-171"/>
            <object_component_ref idref="oc-162"/>
            <object_component_ref idref="oc-12b"/>
            <object_component_ref idref="oc-18f"/>
            <object_component_ref idref="oc-130"/>
            <object_component_ref idref="oc-18a"/>
            <object_component_ref idref="oc-1dc"/>
         </contents>
      </logical_group>
      <load_segment id="lg-21c" display="no" color="cyan">
         <name>SEGMENT_0</name>
         <load_address>0x0</load_address>
         <run_address>0x0</run_address>
         <size>0x1230</size>
         <flags>0x5</flags>
         <contents>
            <logical_group_ref idref="lg-3"/>
            <logical_group_ref idref="lg-4"/>
            <logical_group_ref idref="lg-5"/>
            <logical_group_ref idref="lg-6"/>
         </contents>
      </load_segment>
      <load_segment id="lg-21d" display="no" color="cyan">
         <name>SEGMENT_1</name>
         <run_address>0x20000000</run_address>
         <size>0x134</size>
         <flags>0x6</flags>
         <contents>
            <logical_group_ref idref="lg-d"/>
            <logical_group_ref idref="lg-a"/>
            <logical_group_ref idref="lg-b"/>
         </contents>
      </load_segment>
   </logical_group_list>
   <placement_map>
      <memory_area display="yes" color="green">
         <name>FLASH</name>
         <page_id>0x0</page_id>
         <origin>0x0</origin>
         <length>0x100000</length>
         <used_space>0x1230</used_space>
         <unused_space>0xfedd0</unused_space>
         <attributes>RX</attributes>
         <usage_details>
            <allocated_space>
               <start_address>0x0</start_address>
               <size>0x200</size>
               <logical_group_ref idref="lg-3"/>
            </allocated_space>
            <allocated_space>
               <start_address>0x200</start_address>
               <size>0xd8c</size>
               <logical_group_ref idref="lg-4"/>
            </allocated_space>
            <allocated_space>
               <start_address>0xf8c</start_address>
               <size>0x26c</size>
               <logical_group_ref idref="lg-5"/>
            </allocated_space>
            <allocated_space>
               <start_address>0x11f8</start_address>
               <size>0x38</size>
               <logical_group_ref idref="lg-6"/>
            </allocated_space>
            <available_space>
               <start_address>0x1230</start_address>
               <size>0xfedd0</size>
            </available_space>
         </usage_details>
      </memory_area>
      <memory_area display="yes" color="green">
         <name>SRAM</name>
         <page_id>0x0</page_id>
         <origin>0x20000000</origin>
         <length>0x40000</length>
         <used_space>0x134</used_space>
         <unused_space>0x3fecc</unused_space>
         <attributes>RWX</attributes>
         <usage_details>
            <allocated_space>
               <start_address>0x20000000</start_address>
               <size>0x100</size>
               <logical_group_ref idref="lg-d"/>
            </allocated_space>
            <allocated_space>
               <start_address>0x20000100</start_address>
               <size>0x24</size>
               <logical_group_ref idref="lg-a"/>
            </allocated_space>
            <allocated_space>
               <start_address>0x20000124</start_address>
               <size>0x10</size>
               <logical_group_ref idref="lg-b"/>
            </allocated_space>
            <available_space>
               <start_address>0x20000134</start_address>
               <size>0x3fecc</size>
            </available_space>
         </usage_details>
      </memory_area>
   </placement_map>
   <cptbl_list>
      <cptbl>
         <name>__TI_cinit_table</name>
         <cprec>
            <name>.data</name>
            <load_address>0x11f8</load_address>
            <load_size>0x11</load_size>
            <run_address>0x20000100</run_address>
            <run_size>0x24</run_size>
            <compression>lzss</compression>
         </cprec>
         <cprec>
            <name>.bss</name>
            <load_address>0x1218</load_address>
            <load_size>0x8</load_size>
            <run_address>0x20000124</run_address>
            <run_size>0x10</run_size>
            <compression>zero_init</compression>
         </cprec>
      </cptbl>
   </cptbl_list>
   <handler_table>
      <handler_table_name>__TI_handler_table</handler_table_name>
      <handler>
         <index>0x0</index>
         <name>__TI_decompress_lzss</name>
      </handler>
      <handler>
         <index>0x1</index>
         <name>__TI_decompress_none</name>
      </handler>
      <handler>
         <index>0x2</index>
         <name>__TI_zero_init</name>
      </handler>
   </handler_table>
   <symbol_table>
      <symbol id="sm-1">
         <name>__STACK_TOP</name>
         <value>0x20000100</value>
      </symbol>
      <symbol id="sm-2">
         <name>__TI_CINIT_Base</name>
         <value>0x1220</value>
      </symbol>
      <symbol id="sm-3">
         <name>__TI_CINIT_Limit</name>
         <value>0x1230</value>
      </symbol>
      <symbol id="sm-4">
         <name>__TI_Handler_Table_Base</name>
         <value>0x120c</value>
      </symbol>
      <symbol id="sm-5">
         <name>__TI_Handler_Table_Limit</name>
         <value>0x1218</value>
      </symbol>
      <symbol id="sm-6">
         <name>binit</name>
         <value>0xffffffff</value>
      </symbol>
      <symbol id="sm-7">
         <name>__binit__</name>
         <value>0xffffffff</value>
      </symbol>
      <symbol id="sm-8">
         <name>__STACK_SIZE</name>
         <value>0x100</value>
      </symbol>
      <symbol id="sm-9">
         <name>__STACK_END</name>
         <value>0x20000100</value>
      </symbol>
      <symbol id="sm-a">
         <name>__c_args__</name>
         <value>0xffffffff</value>
      </symbol>
      <symbol id="sm-b">
         <name>__TI_pprof_out_hndl</name>
         <value>0xffffffff</value>
      </symbol>
      <symbol id="sm-c">
         <name>__TI_prof_data_start</name>
         <value>0xffffffff</value>
      </symbol>
      <symbol id="sm-d">
         <name>__TI_prof_data_size</name>
         <value>0xffffffff</value>
      </symbol>
      <symbol id="sm-4c">
         <name>SysTickIntHandler</name>
         <value>0xf25</value>
         <object_component_ref idref="oc-43"/>
      </symbol>
      <symbol id="sm-4d">
         <name>gettimeofday</name>
         <value>0xd1d</value>
         <object_component_ref idref="oc-ba"/>
      </symbol>
      <symbol id="sm-7e">
         <name>ResetISR</name>
         <value>0xf7f</value>
         <object_component_ref idref="oc-2b"/>
      </symbol>
      <symbol id="sm-7f">
         <name>g_pfnVectors</name>
         <value>0x0</value>
         <object_component_ref idref="oc-f"/>
      </symbol>
      <symbol id="sm-d9">
         <name>g_ui32SysClock</name>
         <value>0x20000130</value>
      </symbol>
      <symbol id="sm-da">
         <name>g_ui32Flags</name>
         <value>0x2000012c</value>
      </symbol>
      <symbol id="sm-db">
         <name>tv</name>
         <value>0x20000124</value>
      </symbol>
      <symbol id="sm-dc">
         <name>main</name>
         <value>0x5d9</value>
         <object_component_ref idref="oc-ef"/>
      </symbol>
      <symbol id="sm-dd">
         <name>ConfigureUART</name>
         <value>0xc19</value>
         <object_component_ref idref="oc-13a"/>
      </symbol>
      <symbol id="sm-de">
         <name>g_ui32TickCounter</name>
         <value>0x20000120</value>
         <object_component_ref idref="oc-a1"/>
      </symbol>
      <symbol id="sm-df">
         <name>Timer0IntHandler</name>
         <value>0x9dd</value>
         <object_component_ref idref="oc-49"/>
      </symbol>
      <symbol id="sm-e0">
         <name>Timer1IntHandler</name>
         <value>0x885</value>
         <object_component_ref idref="oc-4f"/>
      </symbol>
      <symbol id="sm-14e">
         <name>UARTStdioConfig</name>
         <value>0xbb9</value>
         <object_component_ref idref="oc-1aa"/>
      </symbol>
      <symbol id="sm-14f">
         <name>UARTwrite</name>
         <value>0xdb5</value>
         <object_component_ref idref="oc-176"/>
      </symbol>
      <symbol id="sm-150">
         <name>UARTprintf</name>
         <value>0xea5</value>
         <object_component_ref idref="oc-ab"/>
      </symbol>
      <symbol id="sm-151">
         <name>UARTvprintf</name>
         <value>0x3ed</value>
         <object_component_ref idref="oc-106"/>
      </symbol>
      <symbol id="sm-162">
         <name>_c_int00</name>
         <value>0xc75</value>
         <object_component_ref idref="oc-24"/>
      </symbol>
      <symbol id="sm-163">
         <name>__stack</name>
         <value>0x20000000</value>
         <object_component_ref idref="oc-2a"/>
      </symbol>
      <symbol id="sm-181">
         <name>__TI_decompress_lzss</name>
         <value>0xb51</value>
         <object_component_ref idref="oc-12"/>
      </symbol>
      <symbol id="sm-198">
         <name>__TI_decompress_none</name>
         <value>0xf45</value>
         <object_component_ref idref="oc-18"/>
      </symbol>
      <symbol id="sm-1af">
         <name>__TI_zero_init</name>
         <value>0xf6d</value>
         <object_component_ref idref="oc-1e"/>
      </symbol>
      <symbol id="sm-1d0">
         <name>C$$EXIT</name>
         <value>0xcc9</value>
         <object_component_ref idref="oc-93"/>
      </symbol>
      <symbol id="sm-1d1">
         <name>abort</name>
         <value>0xccd</value>
         <object_component_ref idref="oc-93"/>
      </symbol>
      <symbol id="sm-1d2">
         <name>exit</name>
         <value>0xcd5</value>
         <object_component_ref idref="oc-93"/>
      </symbol>
      <symbol id="sm-1d3">
         <name>__TI_dtors_ptr</name>
         <value>0x20000104</value>
         <object_component_ref idref="oc-f7"/>
      </symbol>
      <symbol id="sm-1d4">
         <name>__TI_cleanup_ptr</name>
         <value>0x20000100</value>
         <object_component_ref idref="oc-f7"/>
      </symbol>
      <symbol id="sm-1d5">
         <name>__TI_enable_exit_profile_output</name>
         <value>0x20000108</value>
         <object_component_ref idref="oc-f7"/>
      </symbol>
      <symbol id="sm-1f0">
         <name>memcpy</name>
         <value>0x941</value>
         <object_component_ref idref="oc-63"/>
      </symbol>
      <symbol id="sm-1f1">
         <name>__aeabi_memcpy</name>
         <value>0x941</value>
         <object_component_ref idref="oc-63"/>
      </symbol>
      <symbol id="sm-1f2">
         <name>__aeabi_memcpy8</name>
         <value>0x941</value>
         <object_component_ref idref="oc-63"/>
      </symbol>
      <symbol id="sm-1f3">
         <name>__aeabi_memcpy4</name>
         <value>0x941</value>
         <object_component_ref idref="oc-63"/>
      </symbol>
      <symbol id="sm-202">
         <name>__aeabi_memset</name>
         <value>0xa67</value>
         <object_component_ref idref="oc-6f"/>
      </symbol>
      <symbol id="sm-203">
         <name>memset</name>
         <value>0xa6d</value>
         <object_component_ref idref="oc-6f"/>
      </symbol>
      <symbol id="sm-204">
         <name>__aeabi_memset8</name>
         <value>0xa67</value>
         <object_component_ref idref="oc-6f"/>
      </symbol>
      <symbol id="sm-205">
         <name>__aeabi_memset4</name>
         <value>0xa67</value>
         <object_component_ref idref="oc-6f"/>
      </symbol>
      <symbol id="sm-206">
         <name>__aeabi_memclr8</name>
         <value>0xa65</value>
         <object_component_ref idref="oc-6f"/>
      </symbol>
      <symbol id="sm-207">
         <name>__aeabi_memclr4</name>
         <value>0xa65</value>
         <object_component_ref idref="oc-6f"/>
      </symbol>
      <symbol id="sm-208">
         <name>__aeabi_memclr</name>
         <value>0xa65</value>
         <object_component_ref idref="oc-6f"/>
      </symbol>
      <symbol id="sm-212">
         <name>__mpu_init</name>
         <value>0xf89</value>
         <object_component_ref idref="oc-7b"/>
      </symbol>
      <symbol id="sm-21c">
         <name>_system_pre_init</name>
         <value>0xf85</value>
         <object_component_ref idref="oc-81"/>
      </symbol>
      <symbol id="sm-224">
         <name>main_func_sp</name>
         <value>0x2000011c</value>
         <object_component_ref idref="oc-99"/>
      </symbol>
      <symbol id="sm-233">
         <name>__aeabi_uidivmod</name>
         <value>0xe45</value>
         <object_component_ref idref="oc-17c"/>
      </symbol>
      <symbol id="sm-234">
         <name>__aeabi_uidiv</name>
         <value>0xe45</value>
         <object_component_ref idref="oc-17c"/>
      </symbol>
      <symbol id="sm-24d">
         <name>_nop</name>
         <value>0xf0f</value>
         <object_component_ref idref="oc-168"/>
      </symbol>
      <symbol id="sm-24e">
         <name>_lock</name>
         <value>0x2000010c</value>
         <object_component_ref idref="oc-fa"/>
      </symbol>
      <symbol id="sm-24f">
         <name>_unlock</name>
         <value>0x20000110</value>
         <object_component_ref idref="oc-fa"/>
      </symbol>
      <symbol id="sm-250">
         <name>_register_lock</name>
         <value>0xf07</value>
         <object_component_ref idref="oc-168"/>
      </symbol>
      <symbol id="sm-251">
         <name>_register_unlock</name>
         <value>0xf01</value>
         <object_component_ref idref="oc-168"/>
      </symbol>
      <symbol id="sm-265">
         <name>_args_main</name>
         <value>0xec1</value>
         <object_component_ref idref="oc-8d"/>
      </symbol>
      <symbol id="sm-28f">
         <name>__TI_auto_init</name>
         <value>0xae1</value>
         <object_component_ref idref="oc-87"/>
      </symbol>
      <symbol id="sm-2a9">
         <name>copy_in</name>
         <value>0xd69</value>
         <object_component_ref idref="oc-e1"/>
      </symbol>
      <symbol id="sm-2b3">
         <name>__aeabi_idiv0</name>
         <value>0xf5f</value>
         <object_component_ref idref="oc-1c7"/>
      </symbol>
      <symbol id="sm-2bd">
         <name>_system_post_cinit</name>
         <value>0xf8b</value>
         <object_component_ref idref="oc-e7"/>
      </symbol>
      <symbol id="sm-2ca">
         <name>GPIOPinWrite</name>
         <value>0xf79</value>
         <object_component_ref idref="oc-a5"/>
      </symbol>
      <symbol id="sm-2d5">
         <name>IntMasterEnable</name>
         <value>0xf15</value>
         <object_component_ref idref="oc-14c"/>
      </symbol>
      <symbol id="sm-357">
         <name>SysCtlClockGet</name>
         <value>0x775</value>
         <object_component_ref idref="oc-146"/>
      </symbol>
      <symbol id="sm-358">
         <name>SysCtlClockFreqSet</name>
         <value>0x201</value>
         <object_component_ref idref="oc-134"/>
      </symbol>
      <symbol id="sm-385">
         <name>SysTickEnable</name>
         <value>0xed9</value>
         <object_component_ref idref="oc-158"/>
      </symbol>
      <symbol id="sm-386">
         <name>SysTickIntEnable</name>
         <value>0xeed</value>
         <object_component_ref idref="oc-152"/>
      </symbol>
      <symbol id="sm-387">
         <name>SysTickValueGet</name>
         <value>0xf61</value>
         <object_component_ref idref="oc-11a"/>
      </symbol>
      <symbol id="sm-388">
         <name>SysTickPeriodSet</name>
         <value>0xf35</value>
         <object_component_ref idref="oc-140"/>
      </symbol>
      <symbol id="sm-392">
         <name>CPUcpsie</name>
         <value>0xf53</value>
         <object_component_ref idref="oc-1b4"/>
      </symbol>
      <symbol id="sm-393">
         <name>__TI_static_base__</name>
         <value>0x0</value>
      </symbol>
      <symbol id="sm-396">
         <name>SHT$$INIT_ARRAY$$Limit</name>
         <value>0x0</value>
      </symbol>
      <symbol id="sm-397">
         <name>SHT$$INIT_ARRAY$$Base</name>
         <value>0x0</value>
      </symbol>
   </symbol_table>
   <title>Link successful</title>
</link_info>
